[Licensing::Module] Trying to connect to existing licensing client channel...
Built from '6000.4/staging' branch; Version is '6000.4.4f1 (360f97ecca93) revision 3542935'; Using compiler version '194234433'; Build Type 'Release'
[Licensing::IpcConnector] Channel LicenseClient-Matthew doesn't exist
OS: 'Windows 11  (10.0.26200) Professional' Language: 'fr' Physical Memory: 32553 MB
BatchMode: 1, IsHumanControllingUs: 0, StartBugReporterOnCrash: 0, Is64bit: 1
System  architecture: x64
Process architecture: x64
Date: 2026-10-06T10:00:31Z
[Licensing::Module] Successfully launched the LicensingClient (PId: 31128)

COMMAND LINE ARGUMENTS:
D:\Unity\Hub\6000.4.4f1\Editor\Unity.exe
-projectPath
D:\Dev\Krag-Kings\benchmark\unity
-batchmode
-quit
-nographics
-job-worker-count
2
-logFile
D:\Dev\Krag-Kings\benchmark\local\evidence\unity-press-context-build\editor.log
-executeMethod
KragKings.Editor.DemoPressContextCheck.RunAndBuildPrepared
-pressContextReport
D:\Dev\Krag-Kings\benchmark\local\evidence\unity-press-context-build\queued-event-report.json
Successfully changed project path to: D:\Dev\Krag-Kings\benchmark\unity
D:/Dev/Krag-Kings/benchmark/unity
[UnityMemory] Configuration Parameters - Can be set up in boot.config
    "memorysetup-temp-allocator-size-gi-baking-worker=262144"
    "memorysetup-temp-allocator-size-gi-baking-worker=262144"
    "memorysetup-temp-allocator-size-gi-baking-worker=262144"
    "memorysetup-temp-allocator-size-gi-baking-worker=262144"
    "memorysetup-temp-allocator-size-gi-baking-worker=262144"
    "memorysetup-temp-allocator-size-nav-mesh-worker=65536"
    "memorysetup-temp-allocator-size-audio-worker=65536"
    "memorysetup-temp-allocator-size-cloud-worker=32768"
    "memorysetup-temp-allocator-size-gfx=262144"
    "memorysetup-temp-allocator-size-preload-manager=33554432"
    "memorysetup-temp-allocator-size-job-worker=262144"
    "memorysetup-temp-allocator-size-background-worker=32768"
    "memorysetup-allocator-temp-initial-block-size-main=262144"
    "memorysetup-allocator-temp-initial-block-size-worker=262144"
    "memorysetup-bucket-allocator-granularity=16"
    "memorysetup-bucket-allocator-bucket-count=8"
    "memorysetup-bucket-allocator-block-size=33554432"
    "memorysetup-bucket-allocator-block-count=8"
    "memorysetup-main-allocator-block-size=16777216"
    "memorysetup-thread-allocator-block-size=16777216"
    "memorysetup-gfx-main-allocator-block-size=16777216"
    "memorysetup-gfx-thread-allocator-block-size=16777216"
    "memorysetup-cache-allocator-block-size=4194304"
    "memorysetup-typetree-allocator-block-size=2097152"
    "memorysetup-profiler-bucket-allocator-granularity=16"
    "memorysetup-profiler-bucket-allocator-bucket-count=8"
    "memorysetup-profiler-bucket-allocator-block-size=33554432"
    "memorysetup-profiler-bucket-allocator-block-count=8"
    "memorysetup-profiler-allocator-block-size=16777216"
    "memorysetup-profiler-editor-allocator-block-size=1048576"
    "memorysetup-temp-allocator-size-main=16777216"
    "memorysetup-job-temp-allocator-block-size=2097152"
    "memorysetup-job-temp-allocator-block-size-background=1048576"
    "memorysetup-job-temp-allocator-reduction-small-platforms=262144"
Player connection [30868]  Target information:

Player connection [30868]  * "[IP] 172.17.32.1 [Port] 55504 [Flags] 2 [Guid] 1314913119 [EditorId] 1314913119 [Version] 1048832 [Id] WindowsEditor(7,LAPTOP-E39AUCND) [Debug] 1 [PackageName] WindowsEditor [ProjectName] Editor" 

Player connection [30868]  * "[IP] 172.26.16.1 [Port] 55504 [Flags] 2 [Guid] 1314913119 [EditorId] 1314913119 [Version] 1048832 [Id] WindowsEditor(7,LAPTOP-E39AUCND) [Debug] 1 [PackageName] WindowsEditor [ProjectName] Editor" 

Player connection [30868]  * "[IP] 192.168.31.40 [Port] 55504 [Flags] 2 [Guid] 1314913119 [EditorId] 1314913119 [Version] 1048832 [Id] WindowsEditor(7,LAPTOP-E39AUCND) [Debug] 1 [PackageName] WindowsEditor [ProjectName] Editor" 

Player connection [30868] Host joined multi-casting on [225.0.0.222:54997]...
Player connection [30868] Host joined alternative multi-casting on [225.0.0.222:34997]...
JobSystem: Creating JobQueue using job-worker-count value 2
Input System module state changed to: Initialized.
[Physics::Module] Initialized fallback backend.
[Physics::Module] Id: 0xdecafbad
[Package Manager] Connected to IPC stream "Upm-18864" after 0.8 seconds.
[Licensing::Module] Licensing is not yet initialized.
Starting IPC server.
[Licensing::IpcConnector] Successfully connected to: "LicenseClient-Matthew" at "2026-10-06T10:00:33.9848798Z"
Waiting for clients to connect on \\.\pipe\Unity-LicenseClient-Matthew, press Ctrl-C to exit.
[Licensing::Client] Handshaking with LicensingClient:
  Version:                 1.18.1+9fbee8e
  Session Id:              2f0ff3cf5fc041919a1fd7728fb046a9
  Correlation Id:          e80a6b167c19ffc60760c1120ac1f03d
  External correlation Id: 6830483825987201639
  Machine Id:              H9ywjWMk/aJPg3YR91m8eMuX6rE=
[Licensing::Module] Successfully connected to LicensingClient on channel: "LicenseClient-Matthew" (connect: 2.91s, validation: 0.06s, handshake: 4.71s)
[Licensing::IpcConnector] Successfully connected to: "LicenseClient-Matthew-notifications" at "2026-10-06T10:00:38.7631862Z"
[Licensing::Module] Connected to LicensingClient (PId: 31128, launch time: 0.04, total connection time: 7.69s)
[Licensing::Module] Error: Access token is unavailable; failed to update
[Licensing::Client] Successfully resolved entitlement details
[Licensing::Module] License group:
  Id: F4-DJ6W-5N43-F9Y2-7JQE-XXXX
  Product: Unity Personal
  Type: ULF
  Expiration: Unlimited
[Licensing::Module] License group:
  Id: 9070992302932-UnityPersXXXX
  Product: Unity Personal
  Type: Assigned
  Expiration: Unlimited
[Licensing::Client] Successfully updated license, isAsync: True, time: 0.01
[Licensing::Client] Successfully resolved entitlement details
[Licensing::Module] License group:
  Id: F4-DJ6W-5N43-F9Y2-7JQE-XXXX
  Product: Unity Personal
  Type: ULF
  Expiration: Unlimited
[Licensing::Module] License group:
  Id: 9070992302932-UnityPersXXXX
  Product: Unity Personal
  Type: Assigned
  Expiration: Unlimited
[Licensing::Module] Licensing Background thread has ended after 7.77s
[Licensing::Module] Licensing is initialized (took 5.83s).
[Licensing::Client] Successfully resolved entitlement details
[Licensing::Module] License group:
  Id: F4-DJ6W-5N43-F9Y2-7JQE-XXXX
  Product: Unity Personal
  Type: ULF
  Expiration: Unlimited
[Licensing::Module] License group:
  Id: 9070992302932-UnityPersXXXX
  Product: Unity Personal
  Type: Assigned
  Expiration: Unlimited
Library Redirect Path: Library/
[Physics::Module] Selected backend.
[Physics::Module] Name: PhysX
[Physics::Module] Id: 0xf2b8ea05
[Physics::Module] SDK Version: 4.1.2
[Physics::Module] Integration Version: 1.0.0
[Physics::Module] Threading Mode: Multi-Threaded
Artifact Garbage Collection - Removed 2 unused hashed content files
Initialize engine version: 6000.4.4f1 (360f97ecca93)
[Subsystems] Discovering subsystems at path D:/Unity/Hub/6000.4.4f1/Editor/Data/Resources/UnitySubsystems
[Subsystems] Discovering subsystems at path D:/Dev/Krag-Kings/benchmark/unity/Assets
Forcing GfxDevice: Null
GfxDevice: creating device client; kGfxThreadingModeNonThreaded
NullGfxDevice:
    Version:  NULL 1.0 [1.0]
    Renderer: Null Device
    Vendor:   Unity Technologies
Initialize mono
Mono path[0] = 'D:/Unity/Hub/6000.4.4f1/Editor/Data/Managed'
Mono path[1] = 'D:/Unity/Hub/6000.4.4f1/Editor/Data/MonoBleedingEdge/lib/mono/unityjit-win32'
Mono config path = 'D:/Unity/Hub/6000.4.4f1/Editor/Data/MonoBleedingEdge/etc'
Using monoOptions --debugger-agent=transport=dt_socket,embedding=1,server=y,suspend=n,address=127.0.0.1:56864
CodeReloadManager initialized
Using cacheserver namespaces - metadata:defaultmetadata, artifacts:defaultartifacts
Using cacheserver namespaces - metadata:defaultmetadata, artifacts:defaultartifacts
ImportWorker Server TCP listen port: 0
AcceleratorClientConnectionCallback - disconnected - :0
Begin MonoManager ReloadAssembly
Registering precompiled unity dll's ...
Register platform support module: D:/Unity/Hub/6000.4.4f1/Editor/Data/PlaybackEngines/WebGLSupport/UnityEditor.WebGL.Extensions.dll
Register platform support module: D:/Unity/Hub/6000.4.4f1/Editor/Data/PlaybackEngines/WindowsStandaloneSupport/UnityEditor.WindowsStandalone.Extensions.dll
Registered in 0.001894 seconds.
Native extension for WindowsStandalone target not found
Native extension for WebGL target not found
Package Manager log level set to [2]
ScheduleIndexationOnStartup MainProcess:False IndexOnStartup:False
Mono: successfully reloaded assembly
- Finished resetting the current domain, in  0.594 seconds
Domain Reload Profiling: 3032ms
	BeginReloadAssembly (434ms)
		CreateAndSetChildDomain (6ms)
	RebuildCommonClasses (595ms)
	RebuildNativeTypeToScriptingClass (18ms)
	initialDomainReloadingComplete (87ms)
	LoadAllAssembliesAndSetupDomain (1302ms)
		LoadAssemblies (434ms)
		AnalyzeDomain (1283ms)
			TypeCache.Refresh (1281ms)
				TypeCache.ScanAssembly (1257ms)
	FinalizeReload (596ms)
		SetupLoadedEditorAssemblies (0ms)
			InitializePlatformSupportModulesInManaged (64ms)
			BeforeProcessingInitializeOnLoad (118ms)
			ProcessInitializeOnLoadAttributes (150ms)
			ProcessInitializeOnLoadMethodAttributes (174ms)
[Licensing::Client] Successfully resolved entitlement details
[Licensing::Module] License group:
  Id: F4-DJ6W-5N43-F9Y2-7JQE-XXXX
  Product: Unity Personal
  Type: ULF
  Expiration: Unlimited
[Licensing::Module] License group:
  Id: 9070992302932-UnityPersXXXX
  Product: Unity Personal
  Type: Assigned
  Expiration: Unlimited
Application.AssetDatabase Initial Refresh Start
[Package Manager] Restoring resolved packages state from cache
[Licensing::Client] Successfully resolved entitlement details
[Package Manager] Registered 29 packages:
  Packages from [https://packages.unity.com]:
    com.unity.inputsystem@1.19.0 (location: D:\Dev\Krag-Kings\benchmark\unity\Library\PackageCache\com.unity.inputsystem@21a28c3a6c83)
    com.unity.searcher@4.9.4 (location: D:\Dev\Krag-Kings\benchmark\unity\Library\PackageCache\com.unity.searcher@d45a78918735)
    com.unity.burst@1.8.29 (location: D:\Dev\Krag-Kings\benchmark\unity\Library\PackageCache\com.unity.burst@6bb9aca3ef38)
    com.unity.mathematics@1.3.3 (location: D:\Dev\Krag-Kings\benchmark\unity\Library\PackageCache\com.unity.mathematics@19a9377c4ffa)
    com.unity.nuget.mono-cecil@1.11.6 (location: D:\Dev\Krag-Kings\benchmark\unity\Library\PackageCache\com.unity.nuget.mono-cecil@ecb9724e46ff)
    com.unity.test-framework.performance@3.4.0 (location: D:\Dev\Krag-Kings\benchmark\unity\Library\PackageCache\com.unity.test-framework.performance@aa81a99c4a75)
  Built-in packages:
    com.unity.render-pipelines.high-definition@17.4.0 (location: D:\Dev\Krag-Kings\benchmark\unity\Library\PackageCache\com.unity.render-pipelines.high-definition@4509f627d0da)
    com.unity.ugui@2.0.0 (location: D:\Dev\Krag-Kings\benchmark\unity\Library\PackageCache\com.unity.ugui@d8a2716f3013)
    com.unity.modules.screencapture@1.0.0 (location: D:\Dev\Krag-Kings\benchmark\unity\Library\PackageCache\com.unity.modules.screencapture)
    com.unity.modules.particlesystem@1.0.0 (location: D:\Dev\Krag-Kings\benchmark\unity\Library\PackageCache\com.unity.modules.particlesystem)
    com.unity.modules.imageconversion@1.0.0 (location: D:\Dev\Krag-Kings\benchmark\unity\Library\PackageCache\com.unity.modules.imageconversion)
    com.unity.modules.uielements@1.0.0 (location: D:\Dev\Krag-Kings\benchmark\unity\Library\PackageCache\com.unity.modules.uielements)
    com.unity.modules.ui@1.0.0 (location: D:\Dev\Krag-Kings\benchmark\unity\Library\PackageCache\com.unity.modules.ui)
    com.unity.modules.imgui@1.0.0 (location: D:\Dev\Krag-Kings\benchmark\unity\Library\PackageCache\com.unity.modules.imgui)
    com.unity.modules.video@1.0.0 (location: D:\Dev\Krag-Kings\benchmark\unity\Library\PackageCache\com.unity.modules.video)
    com.unity.modules.animation@1.0.0 (location: D:\Dev\Krag-Kings\benchmark\unity\Library\PackageCache\com.unity.modules.animation)
    com.unity.modules.physics@1.0.0 (location: D:\Dev\Krag-Kings\benchmark\unity\Library\PackageCache\com.unity.modules.physics)
    com.unity.render-pipelines.core@17.4.0 (location: D:\Dev\Krag-Kings\benchmark\unity\Library\PackageCache\com.unity.render-pipelines.core@2269be549234)
    com.unity.shadergraph@17.4.0 (location: D:\Dev\Krag-Kings\benchmark\unity\Library\PackageCache\com.unity.shadergraph@cd28a7c13031)
    com.unity.visualeffectgraph@17.4.0 (location: D:\Dev\Krag-Kings\benchmark\unity\Library\PackageCache\com.unity.visualeffectgraph@e00a147af410)
    com.unity.render-pipelines.high-definition-config@17.4.0 (location: D:\Dev\Krag-Kings\benchmark\unity\Library\PackageCache\com.unity.render-pipelines.high-definition-config@f2a20abb2a1c)
    com.unity.modules.jsonserialize@1.0.0 (location: D:\Dev\Krag-Kings\benchmark\unity\Library\PackageCache\com.unity.modules.jsonserialize)
    com.unity.modules.hierarchycore@1.0.0 (location: D:\Dev\Krag-Kings\benchmark\unity\Library\PackageCache\com.unity.modules.hierarchycore)
    com.unity.collections@6.4.0 (location: D:\Dev\Krag-Kings\benchmark\unity\Library\PackageCache\com.unity.collections@9c2353fb96f6)
    com.unity.modules.terrain@1.0.0 (location: D:\Dev\Krag-Kings\benchmark\unity\Library\PackageCache\com.unity.modules.terrain)
    com.unity.modules.audio@1.0.0 (location: D:\Dev\Krag-Kings\benchmark\unity\Library\PackageCache\com.unity.modules.audio)
    com.unity.modules.unitywebrequest@1.0.0 (location: D:\Dev\Krag-Kings\benchmark\unity\Library\PackageCache\com.unity.modules.unitywebrequest)
    com.unity.test-framework@1.6.0 (location: D:\Dev\Krag-Kings\benchmark\unity\Library\PackageCache\com.unity.test-framework@76560ee600cb)
    com.unity.ext.nunit@2.0.5 (location: D:\Dev\Krag-Kings\benchmark\unity\Library\PackageCache\com.unity.ext.nunit@d8c07649098d)
[Subsystems] No new subsystems found in resolved package list.
[Package Manager] Done registering packages in 0.02 seconds
[ScriptCompilation] Requested script compilation because: AssetDatabase observed changes in script compilation related files
info: Microsoft.Hosting.Lifetime[14]
      Now listening on: http://localhost:80
info: Microsoft.Hosting.Lifetime[0]
      Application started. Press Ctrl+C to shut down.
info: Microsoft.Hosting.Lifetime[0]
      Hosting environment: Production
info: Microsoft.Hosting.Lifetime[0]
      Content root path: D:\Dev\Krag-Kings\benchmark\unity
info: Microsoft.AspNetCore.Hosting.Diagnostics[1]
      Request starting HTTP/2 POST http://ilpp/UnityILPP.PostProcessing/Ping - application/grpc -
info: Microsoft.AspNetCore.Routing.EndpointMiddleware[0]
      Executing endpoint 'gRPC - /UnityILPP.PostProcessing/Ping'
info: Microsoft.AspNetCore.Routing.EndpointMiddleware[1]
      Executed endpoint 'gRPC - /UnityILPP.PostProcessing/Ping'
info: Microsoft.AspNetCore.Hosting.Diagnostics[2]
      Request finished HTTP/2 POST http://ilpp/UnityILPP.PostProcessing/Ping - 200 - application/grpc 172.4815ms
Starting: D:\Unity\Hub\6000.4.4f1\Editor\Data\Tools\BuildPipeline\bee_backend.exe --ipc --defer-dag-verification --dagfile="Library/Bee/1900b0aE.dag" --continue-on-failure --profile="Library/Bee/backend1.traceevents" ScriptAssemblies
WorkingDir: D:/Dev/Krag-Kings/benchmark/unity
DisplayProgressbar: Compiling Scripts
info: Microsoft.AspNetCore.Hosting.Diagnostics[1]
      Request starting HTTP/2 POST http://ilpp/UnityILPP.PostProcessing/ConfigurePostProcessors - application/grpc -
info: Microsoft.AspNetCore.Routing.EndpointMiddleware[0]
      Executing endpoint 'gRPC - /UnityILPP.PostProcessing/ConfigurePostProcessors'
warn: Unity.ILPP.Runner.PostProcessingAssemblyLoadContext[0]
      Assembly system.runtime.interopservices.windowsruntime has duplicate hint path. Ignoring "D:\Unity\Hub\6000.4.4f1\Editor\Data\UnityReferenceAssemblies\unity-4.8-api\Facades\System.Runtime.InteropServices.WindowsRuntime.dll" in favor of "D:\Unity\Hub\6000.4.4f1\Editor\Data\NetStandard\Extensions\2.0.0\System.Runtime.InteropServices.WindowsRuntime.dll"
warn: Unity.ILPP.Runner.PostProcessingAssemblyLoadContext[0]
      Assembly system.componentmodel.composition has duplicate hint path. Ignoring "D:\Unity\Hub\6000.4.4f1\Editor\Data\UnityReferenceAssemblies\unity-4.8-api\System.ComponentModel.Composition.dll" in favor of "D:\Unity\Hub\6000.4.4f1\Editor\Data\NetStandard\compat\2.1.0\shims\netfx\System.ComponentModel.Composition.dll"
info: Unity.ILPP.Runner.PostProcessingAssemblyLoadContext[0]
      Resolved Unity.Burst.Cecil, Version=0.11.6.0, Culture=neutral, PublicKeyToken=50cebf1cceb9d05e with Library\PackageCache\com.unity.burst@6bb9aca3ef38\Unity.Burst.CodeGen\Unity.Burst.Cecil.dll
info: Unity.ILPP.Runner.PostProcessingAssemblyLoadContext[0]
      Resolved Mono.Cecil, Version=0.11.5.0, Culture=neutral, PublicKeyToken=50cebf1cceb9d05e with Library\PackageCache\com.unity.nuget.mono-cecil@ecb9724e46ff\Mono.Cecil.dll
info: Microsoft.AspNetCore.Routing.EndpointMiddleware[1]
      Executed endpoint 'gRPC - /UnityILPP.PostProcessing/ConfigurePostProcessors'
info: Microsoft.AspNetCore.Hosting.Diagnostics[2]
      Request finished HTTP/2 POST http://ilpp/UnityILPP.PostProcessing/ConfigurePostProcessors - 200 - application/grpc 812.1723ms
ExitCode: 4 Duration: 2s956ms
[340/643    0s] WriteResponseFile Library/Bee/artifacts/rsp/4747638433968585886.rsp
Rebuilding DAG because FileSignature timestamp changed: Library/Bee/1900b0aE-inputdata.json
[514/643    0s] ILPP-Configuration Library/ilpp-configuration.nevergeneratedoutput
*** Tundra requires additional run (2.88 seconds), 3 items updated, 513 evaluated
Starting: D:\Unity\Hub\6000.4.4f1\Editor\Data\netcorerun\netcorerun.exe "D:\Unity\Hub\6000.4.4f1\Editor\Data\Tools\BuildPipeline\ScriptCompilationBuildProgram.exe" "Library/Bee/1900b0aE.dag.json" "Library/Bee/1900b0aE-inputdata.json" "Library\Bee\buildprogram0.traceevents"
WorkingDir: D:/Dev/Krag-Kings/benchmark/unity
ExitCode: 0 Duration: 2s901ms
Starting: D:\Unity\Hub\6000.4.4f1\Editor\Data\Tools\BuildPipeline\bee_backend.exe --ipc --defer-dag-verification --dagfile="Library/Bee/1900b0aE.dag" --continue-on-failure --dagfilejson="Library\Bee\1900b0aE.dag.json" --profile="Library/Bee/backend2.traceevents" ScriptAssemblies
WorkingDir: D:/Dev/Krag-Kings/benchmark/unity
info: Microsoft.AspNetCore.Hosting.Diagnostics[1]
      Request starting HTTP/2 POST http://ilpp/UnityILPP.PostProcessing/ConfigurePostProcessors - application/grpc -
info: Microsoft.AspNetCore.Routing.EndpointMiddleware[0]
      Executing endpoint 'gRPC - /UnityILPP.PostProcessing/ConfigurePostProcessors'
info: Unity.ILPP.Runner.PostProcessingAssemblyLoadContext[0]
      Current configuration matches the requested one, skipping
info: Microsoft.AspNetCore.Routing.EndpointMiddleware[1]
      Executed endpoint 'gRPC - /UnityILPP.PostProcessing/ConfigurePostProcessors'
info: Microsoft.AspNetCore.Hosting.Diagnostics[2]
      Request finished HTTP/2 POST http://ilpp/UnityILPP.PostProcessing/ConfigurePostProcessors - 200 - application/grpc 7.6848ms
info: Microsoft.AspNetCore.Hosting.Diagnostics[1]
      Request starting HTTP/2 POST http://ilpp/UnityILPP.PostProcessing/PostProcessAssembly - application/grpc -
info: Microsoft.AspNetCore.Routing.EndpointMiddleware[0]
      Executing endpoint 'gRPC - /UnityILPP.PostProcessing/PostProcessAssembly'
info: Unity.ILPP.Runner.PostProcessingPipeline[0]
      Processing assembly Library/Bee/artifacts/1900b0aE.dag/Assembly-CSharp.dll, with 139 defines and 276 references
info: Unity.ILPP.Runner.PostProcessingPipeline[0]
      processors: Unity.Jobs.CodeGen.JobsILPostProcessor, zzzUnity.Burst.CodeGen.BurstILPostProcessor
info: Unity.ILPP.Runner.PostProcessingPipeline[0]
      running Unity.Jobs.CodeGen.JobsILPostProcessor
info: Unity.ILPP.Runner.PostProcessingAssemblyLoadContext[0]
      Resolved Unity.Collections, Version=0.0.0.0, Culture=neutral, PublicKeyToken=null with Library\Bee\artifacts\1900b0aE.dag\Unity.Collections.dll
info: Microsoft.AspNetCore.Hosting.Diagnostics[1]
      Request starting HTTP/2 POST http://ilpp/UnityILPP.PostProcessing/PostProcessAssembly - application/grpc -
info: Microsoft.AspNetCore.Routing.EndpointMiddleware[0]
      Executing endpoint 'gRPC - /UnityILPP.PostProcessing/PostProcessAssembly'
info: Unity.ILPP.Runner.PostProcessingPipeline[0]
      Processing assembly Library/Bee/artifacts/1900b0aE.dag/Assembly-CSharp-Editor.dll, with 137 defines and 311 references
info: Unity.ILPP.Runner.PostProcessingPipeline[0]
      processors: Unity.Jobs.CodeGen.JobsILPostProcessor, zzzUnity.Burst.CodeGen.BurstILPostProcessor
info: Unity.ILPP.Runner.PostProcessingPipeline[0]
      running Unity.Jobs.CodeGen.JobsILPostProcessor
info: Unity.ILPP.Runner.PostProcessingAssemblyLoadContext[0]
      Resolved UnityEditor.CoreModule, Version=0.0.0.0, Culture=neutral, PublicKeyToken=null with D:\Unity\Hub\6000.4.4f1\Editor\Data\Managed\UnityEngine\UnityEditor.CoreModule.dll
info: Unity.ILPP.Runner.PostProcessingAssemblyLoadContext[0]
      Resolved UnityEngine.CoreModule, Version=0.0.0.0, Culture=neutral, PublicKeyToken=null with D:\Unity\Hub\6000.4.4f1\Editor\Data\Managed\UnityEngine\UnityEngine.CoreModule.dll
info: Unity.ILPP.Runner.PostProcessingPipeline[0]
      running zzzUnity.Burst.CodeGen.BurstILPostProcessor
info: Unity.ILPP.Runner.PostProcessingPipeline[0]
      running zzzUnity.Burst.CodeGen.BurstILPostProcessor
info: Unity.ILPP.Runner.PostProcessingAssemblyLoadContext[0]
      Resolved Unity.Burst.Cecil.Rocks, Version=0.11.6.0, Culture=neutral, PublicKeyToken=50cebf1cceb9d05e with Library\PackageCache\com.unity.burst@6bb9aca3ef38\Unity.Burst.CodeGen\Unity.Burst.Cecil.Rocks.dll
info: Microsoft.AspNetCore.Routing.EndpointMiddleware[1]
      Executed endpoint 'gRPC - /UnityILPP.PostProcessing/PostProcessAssembly'
info: Microsoft.AspNetCore.Routing.EndpointMiddleware[1]
      Executed endpoint 'gRPC - /UnityILPP.PostProcessing/PostProcessAssembly'
info: Microsoft.AspNetCore.Hosting.Diagnostics[2]
      Request finished HTTP/2 POST http://ilpp/UnityILPP.PostProcessing/PostProcessAssembly - 200 - application/grpc 2436.6985ms
info: Microsoft.AspNetCore.Hosting.Diagnostics[2]
      Request finished HTTP/2 POST http://ilpp/UnityILPP.PostProcessing/PostProcessAssembly - 200 - application/grpc 1630.8088ms
ExitCode: 0 Duration: 4s86ms
Finished compiling graph: 646 nodes, 10327 flattened edges (8499 ToBuild, 92 ToUse), maximum node priority 733
[377/643    0s] WriteText Library/Bee/artifacts/1900b0aE.dag/Assembly-CSharp.rsp
[378/643    0s] WriteText Library/Bee/artifacts/1900b0aE.dag/Assembly-CSharp-Editor.rsp
[514/643    0s] ILPP-Configuration Library/ilpp-configuration.nevergeneratedoutput
[635/643    1s] Csc Library/Bee/artifacts/1900b0aE.dag/Assembly-CSharp.dll (+2 others)
[636/643    0s] Csc Library/Bee/artifacts/1900b0aE.dag/Assembly-CSharp-Editor.dll (+2 others)
[637/643    2s] ILPostProcess Library/Bee/artifacts/1900b0aE.dag/post-processed/Assembly-CSharp.dll (+pdb)
Processing assembly Library/Bee/artifacts/1900b0aE.dag/Assembly-CSharp.dll, with 139 defines and 276 references

processors: Unity.Jobs.CodeGen.JobsILPostProcessor, zzzUnity.Burst.CodeGen.BurstILPostProcessor

running Unity.Jobs.CodeGen.JobsILPostProcessor

running zzzUnity.Burst.CodeGen.BurstILPostProcessor
[638/643    1s] ILPostProcess Library/Bee/artifacts/1900b0aE.dag/post-processed/Assembly-CSharp-Editor.dll (+pdb)
Processing assembly Library/Bee/artifacts/1900b0aE.dag/Assembly-CSharp-Editor.dll, with 137 defines and 311 references

processors: Unity.Jobs.CodeGen.JobsILPostProcessor, zzzUnity.Burst.CodeGen.BurstILPostProcessor

running Unity.Jobs.CodeGen.JobsILPostProcessor

running zzzUnity.Burst.CodeGen.BurstILPostProcessor
[639/643    0s] CopyFiles Library/ScriptAssemblies/Assembly-CSharp-Editor.pdb
[640/643    0s] CopyFiles Library/ScriptAssemblies/Assembly-CSharp.pdb
[641/643    0s] CopyFiles Library/ScriptAssemblies/Assembly-CSharp.dll
[642/643    0s] CopyFiles Library/ScriptAssemblies/Assembly-CSharp-Editor.dll
*** Tundra build success (4.06 seconds), 11 items updated, 643 evaluated
AssetDatabase: script compilation time: 13.327770s
Begin MonoManager ReloadAssembly
Assembly Assembly-CSharp-Editor-firstpass.dll at Library/ScriptAssemblies/Assembly-CSharp-Editor-firstpass.dll not valid. Loading of assembly skipped.
Assembly Assembly-CSharp-firstpass.dll at Library/ScriptAssemblies/Assembly-CSharp-firstpass.dll not valid. Loading of assembly skipped.
Assembly TestNewCustomAssembly.dll at Library/ScriptAssemblies/TestNewCustomAssembly.dll not valid. Loading of assembly skipped.
Assembly Unity.Collections.BurstCompatibilityGen.dll at Library/ScriptAssemblies/Unity.Collections.BurstCompatibilityGen.dll not valid. Loading of assembly skipped.
Assembly Unity.Collections.DocCodeSamples.dll at Library/ScriptAssemblies/Unity.Collections.DocCodeSamples.dll not valid. Loading of assembly skipped.
Assembly Unity.Collections.PerformanceTests.dll at Library/ScriptAssemblies/Unity.Collections.PerformanceTests.dll not valid. Loading of assembly skipped.
Assembly Unity.Collections.Tests.dll at Library/ScriptAssemblies/Unity.Collections.Tests.dll not valid. Loading of assembly skipped.
Assembly Unity.Collections.Tests.Playmode.dll at Library/ScriptAssemblies/Unity.Collections.Tests.Playmode.dll not valid. Loading of assembly skipped.
Assembly Unity.InputSystem.IntegrationTests.dll at Library/ScriptAssemblies/Unity.InputSystem.IntegrationTests.dll not valid. Loading of assembly skipped.
Assembly Unity.Mathematics.Tests.dll at Library/ScriptAssemblies/Unity.Mathematics.Tests.dll not valid. Loading of assembly skipped.
Assembly Unity.Nuget.Mono-Cecil.dll at Library/ScriptAssemblies/Unity.Nuget.Mono-Cecil.dll not valid. Loading of assembly skipped.
Assembly Unity.PathTracing.Editor.Tests.dll at Library/ScriptAssemblies/Unity.PathTracing.Editor.Tests.dll not valid. Loading of assembly skipped.
Assembly Unity.PathTracing.Runtime.Tests.dll at Library/ScriptAssemblies/Unity.PathTracing.Runtime.Tests.dll not valid. Loading of assembly skipped.
Assembly Unity.RenderPipelines.Core.Editor.Tests.dll at Library/ScriptAssemblies/Unity.RenderPipelines.Core.Editor.Tests.dll not valid. Loading of assembly skipped.
Assembly Unity.RenderPipelines.Core.Runtime.Tests.dll at Library/ScriptAssemblies/Unity.RenderPipelines.Core.Runtime.Tests.dll not valid. Loading of assembly skipped.
Assembly Unity.RenderPipelines.HighDefinition.Editor.Tests.dll at Library/ScriptAssemblies/Unity.RenderPipelines.HighDefinition.Editor.Tests.dll not valid. Loading of assembly skipped.
Assembly Unity.RenderPipelines.HighDefinition.Runtime.Tests.dll at Library/ScriptAssemblies/Unity.RenderPipelines.HighDefinition.Runtime.Tests.dll not valid. Loading of assembly skipped.
Assembly Unity.RenderPipelines.HighDefinitionConfig.Editor.Tests.dll at Library/ScriptAssemblies/Unity.RenderPipelines.HighDefinitionConfig.Editor.Tests.dll not valid. Loading of assembly skipped.
Assembly Unity.Searcher.EditorTests.dll at Library/ScriptAssemblies/Unity.Searcher.EditorTests.dll not valid. Loading of assembly skipped.
Assembly Unity.ShaderGraph.Editor.Tests.dll at Library/ScriptAssemblies/Unity.ShaderGraph.Editor.Tests.dll not valid. Loading of assembly skipped.
Assembly Unity.TextMeshPro.Editor.Tests.dll at Library/ScriptAssemblies/Unity.TextMeshPro.Editor.Tests.dll not valid. Loading of assembly skipped.
Assembly Unity.TextMeshPro.Tests.dll at Library/ScriptAssemblies/Unity.TextMeshPro.Tests.dll not valid. Loading of assembly skipped.
Assembly Unity.UnifiedRayTracing.Editor.Tests.dll at Library/ScriptAssemblies/Unity.UnifiedRayTracing.Editor.Tests.dll not valid. Loading of assembly skipped.
Assembly Unity.VisualEffectGraph.Editor.Tests.dll at Library/ScriptAssemblies/Unity.VisualEffectGraph.Editor.Tests.dll not valid. Loading of assembly skipped.
Assembly Unity.VisualEffectGraph.Runtime.Tests.dll at Library/ScriptAssemblies/Unity.VisualEffectGraph.Runtime.Tests.dll not valid. Loading of assembly skipped.
Assembly UnityEditor.UI.Common.Tests.dll at Library/ScriptAssemblies/UnityEditor.UI.Common.Tests.dll not valid. Loading of assembly skipped.
Assembly UnityEditor.UI.EditorTests.dll at Library/ScriptAssemblies/UnityEditor.UI.EditorTests.dll not valid. Loading of assembly skipped.
Assembly UnityEngine.UI.Tests.dll at Library/ScriptAssemblies/UnityEngine.UI.Tests.dll not valid. Loading of assembly skipped.
Refreshing native plugins compatible for Editor in 7.41 ms, found 0 plugins.
Native extension for WindowsStandalone target not found
Native extension for WebGL target not found
ScheduleIndexationOnStartup MainProcess:True IndexOnStartup:True
Mono: successfully reloaded assembly
- Finished resetting the current domain, in  7.963 seconds
Domain Reload Profiling: 15761ms
	BeginReloadAssembly (435ms)
		DisableScriptedObjects (36ms)
		CreateAndSetChildDomain (191ms)
	RebuildCommonClasses (48ms)
	RebuildNativeTypeToScriptingClass (17ms)
	initialDomainReloadingComplete (5435ms)
	LoadAllAssembliesAndSetupDomain (1863ms)
		LoadAssemblies (1549ms)
		AnalyzeDomain (458ms)
			TypeCache.Refresh (396ms)
				TypeCache.ScanAssembly (386ms)
			BuildScriptInfoCaches (48ms)
			ResolveRequiredComponents (11ms)
	FinalizeReload (7963ms)
		SetupLoadedEditorAssemblies (0ms)
			InitializePlatformSupportModulesInManaged (29ms)
			BeforeProcessingInitializeOnLoad (193ms)
			ProcessInitializeOnLoadAttributes (3732ms)
			ProcessInitializeOnLoadMethodAttributes (3694ms)
			AfterProcessingInitializeOnLoad (3ms)
		AwakeInstancesAfterBackupRestoration (24ms)
(Values over 0.050ms)
Asset Pipeline Refresh (id=0c9ad385fd525e14aba8699fb9c6e16d): Total: 31.016 seconds - Initiated by InitialRefreshV2(ForceSynchronousImport)
	Summary:
		Imports: total=0 (actual=0, local cache=0, cache server=0)
		Asset DB Process Time: managed=0 ms, native=9432 ms
		Asset DB Callback time: managed=357 ms, native=53 ms
		Scripting: domain reloads=1, domain reload time=7799 ms, compile time=13330 ms, other=41 ms
		Project Asset Count: scripts=1062, non-scripts=2772
		Asset File Changes: new=2, changed=4, moved=0, deleted=0
		Scan Filter Count: 0
	InvokePackagesCallback: 46.800ms
	ApplyChangesToAssetFolders: 1.253ms
	Scan: 138.866ms
	OnSourceAssetsModified: 0.955ms
	CategorizeScriptCompilationAssets: 456.103ms
	ProcessAssetsWithTransientArtifactChanges: 86.869ms
	CategorizeAssets: 93.494ms
	CompileScripts: 13329.744ms
	ImportOutOfDateAssets: 7991.930ms (7987.230ms without children)
		ReloadNativeAssets: 0.060ms
		UnloadImportedAssets: 3.085ms
		EnsureUptoDateAssetsAreRegisteredWithGuidPM: 0.700ms
		OnDemandSchedulerStart: 0.853ms
	PostProcessAllAssets: 362.385ms
		VCAutoAddAssetPostprocess 3.662ms
		PostProcessCallbackCreateDeferredMaterials 0.605ms
		WindowTitlePostprocess 0.376ms
		XRBuildSystem.XRAssetImported 0.075ms
		VersionControlSettings.HiddenFilePostprocess 0.053ms
		MonoPostProcessAllAssets: 355.404ms
			AssetPostprocessor.OnPostprocessAllAssets 229.033ms
			SyncVS.PostprocessSyncProject 28.626ms
			StyleCatalogPostProcessor.OnPostprocessAllAssets 27.270ms
			HDRenderPipelineGlobalSettingsPostprocessor.OnPostprocessAllAssets 26.410ms
			BuilderAssetPostprocessor.OnPostprocessAllAssets 7.471ms
			MaterialPostprocessor.OnPostprocessAllAssets 4.134ms
			SpeedTree9Postprocessor.OnPostprocessAllAssets 2.700ms
			WindowAssetPostprocessingWatcher.OnPostprocessAllAssets 2.460ms
			ShaderGraphAssetPostProcessor.OnPostprocessAllAssets 2.026ms
			RetainedModeAssetPostprocessor.OnPostprocessAllAssets 1.536ms
			AssetChangedListener.OnPostprocessAllAssets 1.526ms
			TMPro_TexturePostProcessor.OnPostprocessAllAssets 1.138ms
			RenderPipelineGlobalSettingsPostprocessor.OnPostprocessAllAssets 1.086ms
			VFXGraphPreprocessor.OnPostprocessAllAssets 0.908ms
			InputActionAssetPostprocessor.OnPostprocessAllAssets 0.716ms
			ArtifactBrowserPostProcessor.OnPostprocessAllAssets 0.551ms
			TextAssetPostProcessor.OnPostprocessAllAssets 0.547ms
			ProjectSettingsPostprocessor.OnPostprocessAllAssets 0.520ms
			ReferencedClipsPostProcessor.OnPostprocessAllAssets 0.460ms
			TerrainToolbarOverlayPostProcessor.OnPostprocessAllAssets 0.422ms
			AudioMixerPostprocessor.OnPostprocessAllAssets 0.304ms
			InputActionJsonNameModifierAssetProcessor.OnPostprocessAllAssets 0.300ms
			SpeedTreePostProcessor.OnPostprocessAllAssets 0.281ms
			AssetEvents.OnPostprocessAllAssets 0.273ms
			PostProcessor.OnPostprocessAllAssets 0.237ms
			AssetDatabaseCallbacks.OnPostprocessAllAssets 0.189ms
			ConfigAssetsTracker.OnPostprocessAllAssets 0.156ms
			ScenarioDriftAssetsTracker.OnPostprocessAllAssets 0.139ms
			AudioContainerPostProcessor.OnPostprocessAllAssets 0.094ms
	PostAssetChangesProfiler: 4.007ms
	UnloadStreamsBegin: 2.369ms
	PersistCurrentRevisions: 0.127ms
	GenerateScriptTypeHashes: 4.011ms
	GenerateScriptTypeSerializationHashes: 7.669ms
	Untracked: 8495.112ms

Application.AssetDatabase Initial Refresh End
Shader Hidden/ChartRasterizerHardware is not supported: GPU does not support conservative rasterization
Shader Hidden/ChartRasterizerHardware is not supported: GPU does not support conservative rasterization
Scanning for USB devices : 6.821ms
Initializing Unity extensions:
[MODES] ModeService[none].Initialize
[MODES] ModeService[none].LoadModes
[MODES] Loading mode Default (0) for mode-current-id-Krag Kings — Engine Comparison
Unloading 70 Unused Serialized files (Serialized files now loaded: 0)
Unloading 4760 unused Assets / (11.1 MB). Loaded Objects now: 5824.
Memory consumption went from 251.0 MB to 239.9 MB.
Total: 17.174700 ms (FindLiveObjects: 0.895100 ms CreateObjectMapping: 0.865500 ms MarkObjects: 7.999500 ms  DeleteObjects: 7.144400 ms)

InvalidOperationException: Queued input regression failed: LeftShift released in the same update retains Walk and press cursor
  at KragKings.Editor.DemoPressContextCheck+<>c__DisplayClass3_0.<Run>g__Check|5 (System.String name, System.Boolean[] expected, UnityEngine.Vector2[] positions, System.Boolean expectOldPollingFailure) [0x000f6] in D:\Dev\Krag-Kings\benchmark\unity\Assets\Benchmark\Editor\DemoPressContextCheck.cs:68 
  at KragKings.Editor.DemoPressContextCheck.Run () [0x004b0] in D:\Dev\Krag-Kings\benchmark\unity\Assets\Benchmark\Editor\DemoPressContextCheck.cs:94 
  at KragKings.Editor.DemoPressContextCheck.RunAndBuildPrepared () [0x00000] in D:\Dev\Krag-Kings\benchmark\unity\Assets\Benchmark\Editor\DemoPressContextCheck.cs:28 

(Filename: Assets/Benchmark/Editor/DemoPressContextCheck.cs Line: 94)

executeMethod method KragKings.Editor.DemoPressContextCheck.RunAndBuildPrepared threw exception.
Exiting without the bug reporter. Application will terminate with return code 1Shut down.
