Mono path[0] = 'D:/Dev/Krag-Kings/benchmark/builds/Unity/KragKings-Unity_Data/Managed'
Mono config path = 'D:/Dev/Krag-Kings/benchmark/builds/Unity/MonoBleedingEdge/etc'
CodeReloadManager initialized
Input System module state changed to: Initialized.
[Physics::Module] Initialized fallback backend.
[Physics::Module] Id: 0xdecafbad
Initialize engine version: 6000.4.4f1 (360f97ecca93)
[Subsystems] Discovering subsystems at path D:/Dev/Krag-Kings/benchmark/builds/Unity/KragKings-Unity_Data/UnitySubsystems
Forcing GfxDevice: Direct3D 12
GfxDevice: creating device client; kGfxThreadingModeSplitJobs
d3d12: failed to query info queue interface (0x80004002).
Direct3D:
    Version:         Direct3D 12 [level 12.2]
    Renderer:        NVIDIA GeForce RTX 2060 (ID=0x1f15)
    Vendor:          NVIDIA
    VRAM:            5955 MB
    App VRAM Budget: 5187 MB
    Driver:          32.0.15.9144
[D3D12 Device Filter] Vendor Name: NVIDIA
[D3D12 Device Filter] Device Name: NVIDIA GeForce RTX 2060
[D3D12 Device Filter] Driver Version: 32.0.15.9144
[D3D12 Device Filter] Feature Level: 12.2
[D3D12 Device Filter] Graphics Memory: 5955 MB
[D3D12 Device Filter] Processor Count: 12
[D3D12 Device Filter] Device Type: Discrete
Begin MonoManager ReloadAssembly
- Finished resetting the current domain, in  0.003 seconds
[Physics::Module] Selected backend.
[Physics::Module] Name: PhysX
[Physics::Module] Id: 0xf2b8ea05
[Physics::Module] SDK Version: 4.1.2
[Physics::Module] Integration Version: 1.0.0
[Physics::Module] Threading Mode: Multi-Threaded
<RI> Initializing input.
Using Windows.Gaming.Input
UnloadTime: 0.849700 ms
KRAG_INPUT_PROFILE {"utc":"2026-10-06T11:15:12.3506738Z","reason":"active","buildGuid":"6f623598978b49e69cab5d5bc0b05287","inputSystemVersion":"1.19.0","movementBackend":"Win32 message context","nativeRestoreStatus":"attached","nativeOriginalProcedure":140729199484464,"nativeHookProcedure":2670608779648,"nativeProcedureAfterDispose":0,"disableRedundantEventsMerging":false,"interactiveCapture":true,"nativeAttached":true,"performanceRun":false,"interactiveProfileRequested":false}
KRAG_KINGS_DEMO_READY NVIDIA GeForce RTX 2060 1920x1080
KRAG_INPUT_PROFILE {"utc":"2026-10-06T11:15:28.0020431Z","reason":"disabled","buildGuid":"6f623598978b49e69cab5d5bc0b05287","inputSystemVersion":"1.19.0","movementBackend":"Win32 message context","nativeRestoreStatus":"restored","nativeOriginalProcedure":140729199484464,"nativeHookProcedure":2670608779648,"nativeProcedureAfterDispose":140729199484464,"disableRedundantEventsMerging":false,"interactiveCapture":false,"nativeAttached":false,"performanceRun":false,"interactiveProfileRequested":false}
[Physics::Module] Cleanup current backend.
[Physics::Module] Id: 0xf2b8ea05
Input System module state changed to: ShutdownInProgress.
Input Polling Thread exited.
Input System module state changed to: Shutdown.
CodeReloadManager destroyed
