[2026.10.06-04.30.23:709][  0]LogTemp: Display: KK_LIGHTING sun_lux=55000.0 color=(R=1.000000,G=1.000000,B=1.000000,A=1.000000) rotation=P=-42.000000 Y=130.000000 R=0.000000 rayleigh_scale=0.033100
[2026.10.06-04.30.23:710][  0]LogTemp: Display: KK_START_GROUND point=X=-135.000 Y=0.000 Z=88.306 normal=X=-0.168 Y=-0.041 Z=0.985
[2026.10.06-04.30.23:711][  0]LogTemp: Display: KK_START_GROUND point=X=120.000 Y=-10.000 Z=126.380 normal=X=-0.134 Y=-0.067 Z=0.989
[2026.10.06-04.30.23:714][  0]LogTemp: Display: KK_VARIANT species=Krag id=Krag_Natural height_cm=210.17
[2026.10.06-04.30.23:716][  0]LogTemp: Display: KK_VARIANT species=Nib id=Nib_Natural height_cm=139.41
[2026.10.06-04.30.23:716][  0]LogTemp: Display: KK_SELECTED Krag / Natural
[2026.10.06-04.30.23:716][  0]LogTemp: Display: KK_EVIDENCE_PATH D:/Dev/Krag-Kings/benchmark/builds/unreal/Windows/KragKingsBenchmark/Saved/Benchmark
[2026.10.06-04.30.23:716][  0]LogTemp: Display: KK_READY shared dune mesh, two species, keyboard actions and variant swapping
[2026.10.06-04.30.38:735][926]LogTemp: Display: KK_SHOWCASE_READY gate=D:\Dev\Krag-Kings\benchmark\local\evidence\unreal-showcase\20261006-sandv2-balanced\showcase-start.flag waiting=1 duration=72 window=Krag Kings - Unreal Benchmark
[2026.10.06-04.32.48:545][734]LogTemp: Display: KK_SHOWCASE_STARTED utc=2026-10-06T04:32:48.539Z
[2026.10.06-04.32.54:665][998]LogTemp: Display: KK_MOVE species=Krag target=X=-205.000 Y=-400.000 Z=60.140
[2026.10.06-04.32.54:666][998]LogTemp: Display: KK_MOVE species=Nib target=X=210.000 Y=-410.000 Z=105.537
[2026.10.06-04.32.58:551][157]LogTemp: Display: KK_MOVE species=Nib target=X=120.000 Y=-10.000 Z=126.380
[2026.10.06-04.33.02:565][334]LogTemp: Display: KK_SELECTED Krag / Natural
[2026.10.06-04.33.02:565][334]LogTemp: Display: KK_ACTION species=Krag action=Melee duration=1.20
[2026.10.06-04.33.02:565][334]LogTemp: Display: KK_SELECTED Nib / Natural
[2026.10.06-04.33.02:565][334]LogTemp: Display: KK_ACTION species=Nib action=Shoot duration=1.00
[2026.10.06-04.33.04:563][423]LogTemp: Display: KK_VARIANT species=Krag id=Krag_Crusher height_cm=210.17
[2026.10.06-04.33.04:564][423]LogTemp: Display: KK_VARIANT species=Nib id=Nib_GripReplacement height_cm=139.41
[2026.10.06-04.33.04:564][423]LogTemp: Display: KK_ACTION species=Krag action=Melee duration=1.20
[2026.10.06-04.33.04:565][423]LogTemp: Display: KK_ACTION species=Nib action=Shoot duration=1.00
[2026.10.06-04.33.06:573][514]LogTemp: Display: KK_ACTION species=Krag action=Hit duration=0.90
[2026.10.06-04.33.06:573][514]LogTemp: Display: KK_ACTION species=Nib action=Hit duration=0.93
[2026.10.06-04.33.08:566][601]LogTemp: Display: KK_VARIANT species=Krag id=Krag_IronJaw height_cm=210.17
[2026.10.06-04.33.08:567][601]LogTemp: Display: KK_VARIANT species=Nib id=Nib_LegReplacement height_cm=139.41
[2026.10.06-04.33.08:567][601]LogTemp: Display: KK_MOVE species=Krag target=X=-135.000 Y=0.000 Z=88.306
[2026.10.06-04.33.08:567][601]LogTemp: Display: KK_MOVE species=Nib target=X=120.000 Y=-10.000 Z=126.380
[2026.10.06-04.33.12:547][769]LogTemp: Display: KK_VARIANT species=Krag id=Krag_Piston height_cm=210.17
[2026.10.06-04.33.12:547][769]LogTemp: Display: KK_ACTION species=Krag action=Shoot duration=1.00
[2026.10.06-04.33.12:547][769]LogTemp: Display: KK_ACTION species=Nib action=Melee duration=1.07
[2026.10.06-04.33.15:060][880]LogTemp: Display: KK_VARIANT species=Nib id=Nib_Natural height_cm=139.41
[2026.10.06-04.33.15:060][880]LogTemp: Display: KK_MOVE species=Nib target=X=125.462 Y=-94.277 Z=121.281
[2026.10.06-04.33.16:541][947]LogTemp: Display: KK_VARIANT species=Nib id=Nib_Natural height_cm=139.41
[2026.10.06-04.33.16:542][947]LogTemp: Display: KK_SELECTED Nib / Natural
[2026.10.06-04.33.16:542][947]LogTemp: Display: KK_FACE_START species=Nib duration=5.00
[2026.10.06-04.33.24:557][336]LogTemp: Display: KK_VARIANT species=Krag id=Krag_Natural height_cm=210.17
[2026.10.06-04.33.24:557][336]LogTemp: Display: KK_MOVE species=Krag target=X=-139.285 Y=-84.488 Z=83.733
[2026.10.06-04.33.25:172][360]LogTemp: Display: KK_ACTION species=Nib action=Shoot duration=1.00
[2026.10.06-04.33.26:555][423]LogTemp: Display: KK_VARIANT species=Krag id=Krag_Natural height_cm=210.17
[2026.10.06-04.33.26:556][423]LogTemp: Display: KK_SELECTED Krag / Natural
[2026.10.06-04.33.26:556][423]LogTemp: Display: KK_FACE_START species=Krag duration=5.97
[2026.10.06-04.33.34:063][757]LogTemp: Display: KK_ACTION species=Krag action=Melee duration=1.20
[2026.10.06-04.33.35:560][823]LogTemp: Display: KK_ACTION species=Krag action=Shoot duration=1.00
[2026.10.06-04.33.36:547][868]LogTemp: Display: KK_VARIANT species=Krag id=Krag_Crusher height_cm=210.17
[2026.10.06-04.33.36:548][868]LogTemp: Display: KK_VARIANT species=Nib id=Nib_GripReplacement height_cm=139.41
[2026.10.06-04.33.36:549][868]LogTemp: Display: KK_MOVE species=Krag target=X=-205.000 Y=-200.000 Z=68.047
[2026.10.06-04.33.36:549][868]LogTemp: Display: KK_MOVE species=Nib target=X=190.000 Y=-210.000 Z=119.830
[2026.10.06-04.33.40:572][ 39]LogTemp: Display: KK_VARIANT species=Krag id=Krag_IronJaw height_cm=210.17
[2026.10.06-04.33.40:573][ 39]LogTemp: Display: KK_VARIANT species=Nib id=Nib_LegReplacement height_cm=139.41
[2026.10.06-04.33.40:573][ 39]LogTemp: Display: KK_MOVE species=Krag target=X=-205.000 Y=200.000 Z=83.220
[2026.10.06-04.33.40:573][ 39]LogTemp: Display: KK_MOVE species=Nib target=X=190.000 Y=190.000 Z=148.178
[2026.10.06-04.33.44:552][213]LogTemp: Display: KK_VARIANT species=Krag id=Krag_Piston height_cm=210.17
[2026.10.06-04.33.44:553][213]LogTemp: Display: KK_VARIANT species=Nib id=Nib_GripReplacement height_cm=139.41
[2026.10.06-04.33.44:553][213]LogTemp: Display: KK_MOVE species=Krag target=X=-205.000 Y=-200.000 Z=68.047
[2026.10.06-04.33.44:553][213]LogTemp: Display: KK_MOVE species=Nib target=X=190.000 Y=-210.000 Z=119.830
[2026.10.06-04.33.48:552][376]LogTemp: Display: KK_VARIANT species=Krag id=Krag_Crusher height_cm=210.17
[2026.10.06-04.33.48:553][376]LogTemp: Display: KK_VARIANT species=Nib id=Nib_LegReplacement height_cm=139.41
[2026.10.06-04.33.48:553][376]LogTemp: Display: KK_MOVE species=Krag target=X=-205.000 Y=200.000 Z=83.220
[2026.10.06-04.33.48:553][376]LogTemp: Display: KK_MOVE species=Nib target=X=190.000 Y=190.000 Z=148.178
[2026.10.06-04.33.50:550][461]LogTemp: Display: KK_VARIANT species=Krag id=Krag_Natural height_cm=210.17
[2026.10.06-04.33.50:550][461]LogTemp: Display: KK_VARIANT species=Nib id=Nib_Natural height_cm=139.41
[2026.10.06-04.33.50:551][461]LogTemp: Display: KK_MOVE species=Krag target=X=-135.000 Y=100.000 Z=92.515
[2026.10.06-04.33.50:551][461]LogTemp: Display: KK_MOVE species=Nib target=X=120.000 Y=90.000 Z=132.709
[2026.10.06-04.33.53:557][592]LogTemp: Display: KK_MOVE species=Krag target=X=-135.000 Y=0.000 Z=88.306
[2026.10.06-04.33.53:557][592]LogTemp: Display: KK_MOVE species=Nib target=X=120.000 Y=-10.000 Z=126.380
[2026.10.06-04.33.56:575][722]LogTemp: Display: KK_SELECTED Krag / Natural
[2026.10.06-04.33.56:709][722]LogTemp: Display: KK_ACTION species=Krag action=Melee duration=1.20
[2026.10.06-04.33.56:713][722]LogTemp: Display: KK_ACTION species=Nib action=Shoot duration=1.00
[2026.10.06-04.34.00:583][897]LogTemp: Display: KK_SHOWCASE_AUDIO_EXPORT_REQUESTED D:/Dev/Krag-Kings/benchmark/local/evidence/unreal-showcase/20261006-sandv2-balanced/showcase-engine-audio.wav
[2026.10.06-04.34.00:584][897]LogTemp: Display: KK_SHOWCASE_COMPLETE duration=72 visual_acceptance_pending=1
[2026.10.06-04.35.14:408][204]LogCore: Engine exit requested (reason: Win RequestExit)
[2026.10.06-04.35.14:409][205]LogCore: Engine exit requested (reason: EngineExit() was called; note: exit was already requested)
