00:03.422  blend            | Read blend: "D:\Dev\Krag-Kings\benchmark\art\nib\identity-study\neck-junction-native-v1\Nib_Coherent_NeckJunction_v1.blend"
NIB_NATIVE_REGION_AUTHORED HeadCream 10000
NIB_NATIVE_REGION_AUTHORED EarInnerCream_L 3500
NIB_NATIVE_REGION_AUTHORED EarOuterTawny_L 4500
NIB_NATIVE_REGION_AUTHORED EarInnerCream_R 3500
NIB_NATIVE_REGION_AUTHORED EarOuterTawny_R 4500
00:47.562  blend            | Read blend: "D:\Dev\Krag-Kings\benchmark\art\nib\groom-study\native-character-pilot-v1\Nib_NativeGroom_Pilot_v1.blend"
Info: Saved as "Nib_NativeGroom_Pilot_v1.blend"
NIB_NATIVE_CHARACTER_GROOM_SAVED_AND_REOPENED
Blender 5.2.0 LTS (hash fbe6228777e7 built 2026-07-14 01:35:40)
Alembic export of 'D:\Dev\Krag-Kings\benchmark\art\nib\groom-study\native-character-pilot-v1\HeadCream.abc' took 58.26 ms
Alembic export of 'D:\Dev\Krag-Kings\benchmark\art\nib\groom-study\native-character-pilot-v1\EarInnerCream_L.abc' took 58.82 ms
Alembic export of 'D:\Dev\Krag-Kings\benchmark\art\nib\groom-study\native-character-pilot-v1\EarOuterTawny_L.abc' took 59.98 ms
Alembic export of 'D:\Dev\Krag-Kings\benchmark\art\nib\groom-study\native-character-pilot-v1\EarInnerCream_R.abc' took 59.79 ms
Alembic export of 'D:\Dev\Krag-Kings\benchmark\art\nib\groom-study\native-character-pilot-v1\EarOuterTawny_R.abc' took 52.56 ms
Alembic import D:\Dev\Krag-Kings\benchmark\art\nib\groom-study\native-character-pilot-v1\HeadCream.abc took 2.12 ms
Alembic import took 2.16 ms
Alembic import D:\Dev\Krag-Kings\benchmark\art\nib\groom-study\native-character-pilot-v1\EarInnerCream_L.abc took 1.28 ms
Alembic import took 1.34 ms
Alembic import D:\Dev\Krag-Kings\benchmark\art\nib\groom-study\native-character-pilot-v1\EarOuterTawny_L.abc took 1.39 ms
Alembic import took 1.43 ms
Alembic import D:\Dev\Krag-Kings\benchmark\art\nib\groom-study\native-character-pilot-v1\EarInnerCream_R.abc took 0.86 ms
Alembic import took 0.89 ms
Alembic import D:\Dev\Krag-Kings\benchmark\art\nib\groom-study\native-character-pilot-v1\EarOuterTawny_R.abc took 1.14 ms
Alembic import took 1.17 ms

Blender quit
