00:04.484  blend            | Read blend: "D:\Dev\Krag-Kings\benchmark\local\candidates\nib-coherent79-socket-1b992e-v1\pbr\Nib_Runtime_PBR.blend"
00:05.562  cycles           | WARNING Image file D:\Dev\Krag-Kings\benchmark\art\nib\restorative-study\socket-wrist-v1\textures\Nib_v5_InnerEarWisps_Normal.png does not exist.
00:05.562  cycles           | WARNING Image file D:\Dev\Krag-Kings\benchmark\art\nib\restorative-study\socket-wrist-v1\textures\Nib_Cloth_Normal.png does not exist.
00:05.562  cycles           | WARNING Image file D:\Dev\Krag-Kings\benchmark\art\nib\restorative-study\socket-wrist-v1\textures\Nib_MouthInterior_Normal.png does not exist.
00:05.562  cycles           | WARNING Image file D:\Dev\Krag-Kings\benchmark\art\nib\restorative-study\socket-wrist-v1\textures\Nib_Gum_Normal.png does not exist.
00:05.562  cycles           | WARNING Image file D:\Dev\Krag-Kings\benchmark\art\nib\restorative-study\socket-wrist-v1\textures\Nib_v5_InnerEarWisps_Roughness.png does not exist.
00:05.562  cycles           | WARNING Image file D:\Dev\Krag-Kings\benchmark\art\nib\restorative-study\socket-wrist-v1\textures\Nib_Cloth_Roughness.png does not exist.
00:05.578  cycles           | WARNING Image file D:\Dev\Krag-Kings\benchmark\art\nib\restorative-study\socket-wrist-v1\textures\Nib_MouthInterior_Roughness.png does not exist.
00:05.578  cycles           | WARNING Image file D:\Dev\Krag-Kings\benchmark\art\nib\restorative-study\socket-wrist-v1\textures\Nib_Gum_Roughness.png does not exist.
00:05.578  cycles           | WARNING Image file D:\Dev\Krag-Kings\benchmark\art\nib\restorative-study\socket-wrist-v1\textures\Nib_v5_InnerEarWisps_Metallic.png does not exist.
00:05.578  cycles           | WARNING Image file D:\Dev\Krag-Kings\benchmark\art\nib\restorative-study\socket-wrist-v1\textures\Nib_Cloth_Metallic.png does not exist.
00:05.578  cycles           | WARNING Image file D:\Dev\Krag-Kings\benchmark\art\nib\restorative-study\socket-wrist-v1\textures\Nib_MouthInterior_Metallic.png does not exist.
00:05.578  cycles           | WARNING Image file D:\Dev\Krag-Kings\benchmark\art\nib\restorative-study\socket-wrist-v1\textures\Nib_Gum_Metallic.png does not exist.
00:05.578  cycles           | WARNING Image file D:\Dev\Krag-Kings\benchmark\art\nib\restorative-study\socket-wrist-v1\textures\Nib_v5_InnerEarWisps_BaseColor.png does not exist.
00:05.578  cycles           | WARNING Image file D:\Dev\Krag-Kings\benchmark\art\nib\restorative-study\socket-wrist-v1\textures\Nib_Cloth_BaseColor.png does not exist.
00:05.578  cycles           | WARNING Image file D:\Dev\Krag-Kings\benchmark\art\nib\restorative-study\socket-wrist-v1\textures\Nib_MouthInterior_BaseColor.png does not exist.
00:05.578  cycles           | WARNING Image file D:\Dev\Krag-Kings\benchmark\art\nib\restorative-study\socket-wrist-v1\textures\Nib_Gum_BaseColor.png does not exist.
00:05.578  cycles           | WARNING Image file D:\Dev\Krag-Kings\benchmark\art\nib\restorative-study\socket-wrist-v1\textures\Nib_v6_FurCards_Normal.png does not exist.
00:05.578  cycles           | WARNING Image file D:\Dev\Krag-Kings\benchmark\art\nib\restorative-study\socket-wrist-v1\textures\Nib_Tooth_Normal.png does not exist.
00:05.578  cycles           | WARNING Image file D:\Dev\Krag-Kings\benchmark\art\nib\restorative-study\socket-wrist-v1\textures\Nib_Tongue_Normal.png does not exist.
00:05.578  cycles           | WARNING Image file D:\Dev\Krag-Kings\benchmark\art\nib\restorative-study\socket-wrist-v1\textures\Nib_v5_TawnyEarUndercoat_Normal.png does not exist.
00:05.578  cycles           | WARNING Image file D:\Dev\Krag-Kings\benchmark\art\nib\restorative-study\socket-wrist-v1\textures\Nib_v6_FurCards_Roughness.png does not exist.
00:05.578  cycles           | WARNING Image file D:\Dev\Krag-Kings\benchmark\art\nib\restorative-study\socket-wrist-v1\textures\Nib_Tooth_Roughness.png does not exist.
00:05.578  cycles           | WARNING Image file D:\Dev\Krag-Kings\benchmark\art\nib\restorative-study\socket-wrist-v1\textures\Nib_Tongue_Roughness.png does not exist.
00:05.578  cycles           | WARNING Image file D:\Dev\Krag-Kings\benchmark\art\nib\restorative-study\socket-wrist-v1\textures\Nib_v5_TawnyEarUndercoat_Roughness.png does not exist.
00:05.578  cycles           | WARNING Image file D:\Dev\Krag-Kings\benchmark\art\nib\restorative-study\socket-wrist-v1\textures\Nib_v6_FurCards_Metallic.png does not exist.
00:05.578  cycles           | WARNING Image file D:\Dev\Krag-Kings\benchmark\art\nib\restorative-study\socket-wrist-v1\textures\Nib_Tooth_Metallic.png does not exist.
00:05.578  cycles           | WARNING Image file D:\Dev\Krag-Kings\benchmark\art\nib\restorative-study\socket-wrist-v1\textures\Nib_Tongue_Metallic.png does not exist.
00:05.578  cycles           | WARNING Image file D:\Dev\Krag-Kings\benchmark\art\nib\restorative-study\socket-wrist-v1\textures\Nib_v5_TawnyEarUndercoat_Metallic.png does not exist.
00:05.578  cycles           | WARNING Image file D:\Dev\Krag-Kings\benchmark\art\nib\restorative-study\socket-wrist-v1\textures\Nib_v6_InnerEarWispsCards_BaseColor.png does not exist.
00:05.578  cycles           | WARNING Image file D:\Dev\Krag-Kings\benchmark\art\nib\restorative-study\socket-wrist-v1\textures\Nib_Tooth_BaseColor.png does not exist.
00:05.578  cycles           | WARNING Image file D:\Dev\Krag-Kings\benchmark\art\nib\restorative-study\socket-wrist-v1\textures\Nib_Tongue_BaseColor.png does not exist.
00:05.578  cycles           | WARNING Image file D:\Dev\Krag-Kings\benchmark\art\nib\restorative-study\socket-wrist-v1\textures\Nib_v5_TawnyEarUndercoat_BaseColor.png does not exist.
00:05.578  cycles           | WARNING Image file D:\Dev\Krag-Kings\benchmark\art\nib\restorative-study\socket-wrist-v1\textures\Nib_v5_TawnyEarFur_Normal.png does not exist.
00:05.578  cycles           | WARNING Image file D:\Dev\Krag-Kings\benchmark\art\nib\restorative-study\socket-wrist-v1\textures\Nib_v5_DustyPinkEar_Normal.png does not exist.
00:05.578  cycles           | WARNING Image file D:\Dev\Krag-Kings\benchmark\art\nib\restorative-study\socket-wrist-v1\textures\Nib_Brass_Normal.png does not exist.
00:05.578  cycles           | WARNING Image file D:\Dev\Krag-Kings\benchmark\art\nib\restorative-study\socket-wrist-v1\textures\Nib_Lens_Normal.png does not exist.
00:05.578  cycles           | WARNING Image file D:\Dev\Krag-Kings\benchmark\art\nib\restorative-study\socket-wrist-v1\textures\Nib_v5_TawnyEarFur_Roughness.png does not exist.
00:05.578  cycles           | WARNING Image file D:\Dev\Krag-Kings\benchmark\art\nib\restorative-study\socket-wrist-v1\textures\Nib_v5_DustyPinkEar_Roughness.png does not exist.
00:05.578  cycles           | WARNING Image file D:\Dev\Krag-Kings\benchmark\art\nib\restorative-study\socket-wrist-v1\textures\Nib_Brass_Roughness.png does not exist.
00:05.578  cycles           | WARNING Image file D:\Dev\Krag-Kings\benchmark\art\nib\restorative-study\socket-wrist-v1\textures\Nib_Lens_Roughness.png does not exist.
00:05.578  cycles           | WARNING Image file D:\Dev\Krag-Kings\benchmark\art\nib\restorative-study\socket-wrist-v1\textures\Nib_Brass_Metallic.png does not exist.
00:05.578  cycles           | WARNING Image file D:\Dev\Krag-Kings\benchmark\art\nib\restorative-study\socket-wrist-v1\textures\Nib_v5_DustyPinkEar_Metallic.png does not exist.
00:05.578  cycles           | WARNING Image file D:\Dev\Krag-Kings\benchmark\art\nib\restorative-study\socket-wrist-v1\textures\Nib_v5_TawnyEarFur_Metallic.png does not exist.
00:05.578  cycles           | WARNING Image file D:\Dev\Krag-Kings\benchmark\art\nib\restorative-study\socket-wrist-v1\textures\Nib_Lens_Metallic.png does not exist.
00:05.578  cycles           | WARNING Image file D:\Dev\Krag-Kings\benchmark\art\nib\restorative-study\socket-wrist-v1\textures\Nib_Brass_BaseColor.png does not exist.
00:05.578  cycles           | WARNING Image file D:\Dev\Krag-Kings\benchmark\art\nib\restorative-study\socket-wrist-v1\textures\Nib_v5_DustyPinkEar_BaseColor.png does not exist.
00:05.578  cycles           | WARNING Image file D:\Dev\Krag-Kings\benchmark\art\nib\restorative-study\socket-wrist-v1\textures\Nib_v5_TawnyEarFur_BaseColor.png does not exist.
00:05.578  cycles           | WARNING Image file D:\Dev\Krag-Kings\benchmark\art\nib\restorative-study\socket-wrist-v1\textures\Nib_Lens_BaseColor.png does not exist.
00:05.578  cycles           | WARNING Image file D:\Dev\Krag-Kings\benchmark\art\nib\restorative-study\socket-wrist-v1\textures\Nib_Leather_Normal.png does not exist.
00:05.578  cycles           | WARNING Image file D:\Dev\Krag-Kings\benchmark\art\nib\restorative-study\socket-wrist-v1\textures\Nib_Steel_Normal.png does not exist.
00:05.578  cycles           | WARNING Image file D:\Dev\Krag-Kings\benchmark\art\nib\restorative-study\socket-wrist-v1\textures\Nib_v6_TawnyEarFurCards_BaseColor.png does not exist.
00:05.578  cycles           | WARNING Image file D:\Dev\Krag-Kings\benchmark\art\nib\restorative-study\socket-wrist-v1\textures\Nib_Workwear_Normal.png does not exist.
00:05.578  cycles           | WARNING Image file D:\Dev\Krag-Kings\benchmark\art\nib\restorative-study\socket-wrist-v1\textures\Nib_Leather_Roughness.png does not exist.
00:05.578  cycles           | WARNING Image file D:\Dev\Krag-Kings\benchmark\art\nib\restorative-study\socket-wrist-v1\textures\Nib_Steel_Roughness.png does not exist.
00:05.578  cycles           | WARNING Image file D:\Dev\Krag-Kings\benchmark\art\nib\restorative-study\socket-wrist-v1\textures\Nib_v6_HeadFurCards_BaseColor.png does not exist.
00:05.578  cycles           | WARNING Image file D:\Dev\Krag-Kings\benchmark\art\nib\restorative-study\socket-wrist-v1\textures\Nib_Workwear_Roughness.png does not exist.
00:05.578  cycles           | WARNING Image file D:\Dev\Krag-Kings\benchmark\art\nib\restorative-study\socket-wrist-v1\textures\Nib_Hair_Normal.png does not exist.
00:05.578  cycles           | WARNING Image file D:\Dev\Krag-Kings\benchmark\art\nib\restorative-study\socket-wrist-v1\textures\Nib_Steel_Metallic.png does not exist.
00:05.578  cycles           | WARNING Image file D:\Dev\Krag-Kings\benchmark\art\nib\restorative-study\socket-wrist-v1\textures\Nib_Leather_Metallic.png does not exist.
00:05.578  cycles           | WARNING Image file D:\Dev\Krag-Kings\benchmark\art\nib\restorative-study\socket-wrist-v1\textures\Nib_Workwear_Metallic.png does not exist.
00:05.578  cycles           | WARNING Image file D:\Dev\Krag-Kings\benchmark\art\nib\restorative-study\socket-wrist-v1\textures\Nib_Hair_Roughness.png does not exist.
00:05.578  cycles           | WARNING Image file D:\Dev\Krag-Kings\benchmark\art\nib\restorative-study\socket-wrist-v1\textures\Nib_Steel_BaseColor.png does not exist.
00:05.578  cycles           | WARNING Image file D:\Dev\Krag-Kings\benchmark\art\nib\restorative-study\socket-wrist-v1\textures\Nib_Leather_BaseColor.png does not exist.
00:05.578  cycles           | WARNING Image file D:\Dev\Krag-Kings\benchmark\art\nib\restorative-study\socket-wrist-v1\textures\Nib_Workwear_BaseColor.png does not exist.
00:05.578  cycles           | WARNING Image file D:\Dev\Krag-Kings\benchmark\art\nib\restorative-study\socket-wrist-v1\textures\Nib_Hair_Metallic.png does not exist.
00:05.578  cycles           | WARNING Image file D:\Dev\Krag-Kings\benchmark\art\nib\restorative-study\socket-wrist-v1\textures\Nib_Stitch_Normal.png does not exist.
00:05.578  cycles           | WARNING Image file D:\Dev\Krag-Kings\benchmark\art\nib\restorative-study\socket-wrist-v1\textures\Nib_Skin_Normal.png does not exist.
00:05.578  cycles           | WARNING Image file D:\Dev\Krag-Kings\benchmark\art\nib\restorative-study\socket-wrist-v1\textures\Nib_Dark_Normal.png does not exist.
00:05.578  cycles           | WARNING Image file D:\Dev\Krag-Kings\benchmark\art\nib\restorative-study\socket-wrist-v1\textures\Nib_Hair_BaseColor.png does not exist.
00:05.578  cycles           | WARNING Image file D:\Dev\Krag-Kings\benchmark\art\nib\restorative-study\socket-wrist-v1\textures\Nib_Stitch_Roughness.png does not exist.
00:05.578  cycles           | WARNING Image file D:\Dev\Krag-Kings\benchmark\art\nib\restorative-study\socket-wrist-v1\textures\Nib_Skin_Roughness.png does not exist.
00:05.578  cycles           | WARNING Image file D:\Dev\Krag-Kings\benchmark\art\nib\restorative-study\socket-wrist-v1\textures\Nib_Dark_Roughness.png does not exist.
00:05.578  cycles           | WARNING Image file D:\Dev\Krag-Kings\benchmark\art\nib\restorative-study\socket-wrist-v1\textures\Nib_v5_HeadFur_Normal.png does not exist.
00:05.578  cycles           | WARNING Image file D:\Dev\Krag-Kings\benchmark\art\nib\restorative-study\socket-wrist-v1\textures\Nib_Stitch_Metallic.png does not exist.
00:05.578  cycles           | WARNING Image file D:\Dev\Krag-Kings\benchmark\art\nib\restorative-study\socket-wrist-v1\textures\Nib_Skin_Metallic.png does not exist.
00:05.578  cycles           | WARNING Image file D:\Dev\Krag-Kings\benchmark\art\nib\restorative-study\socket-wrist-v1\textures\Nib_Stitch_BaseColor.png does not exist.
00:05.593  cycles           | WARNING Image file D:\Dev\Krag-Kings\benchmark\art\nib\restorative-study\socket-wrist-v1\textures\Nib_Skin_BaseColor.png does not exist.
00:05.578  cycles           | WARNING Image file D:\Dev\Krag-Kings\benchmark\art\nib\restorative-study\socket-wrist-v1\textures\Nib_Dark_Metallic.png does not exist.
00:05.578  cycles           | WARNING Image file D:\Dev\Krag-Kings\benchmark\art\nib\restorative-study\socket-wrist-v1\textures\Nib_v5_HeadFur_Roughness.png does not exist.
00:05.593  cycles           | WARNING Image file D:\Dev\Krag-Kings\benchmark\art\nib\restorative-study\socket-wrist-v1\textures\Nib_Teal_Normal.png does not exist.
00:05.593  cycles           | WARNING Image file D:\Dev\Krag-Kings\benchmark\art\nib\restorative-study\socket-wrist-v1\textures\Nib_v5_FacialSkinAtlas_Normal.png does not exist.
00:05.593  cycles           | WARNING Image file D:\Dev\Krag-Kings\benchmark\art\nib\restorative-study\socket-wrist-v1\textures\Nib_Dark_BaseColor.png does not exist.
00:05.593  cycles           | WARNING Image file D:\Dev\Krag-Kings\benchmark\art\nib\restorative-study\socket-wrist-v1\textures\Nib_v5_HeadFur_Metallic.png does not exist.
00:05.593  cycles           | WARNING Image file D:\Dev\Krag-Kings\benchmark\art\nib\restorative-study\socket-wrist-v1\textures\Nib_Teal_Roughness.png does not exist.
00:05.593  cycles           | WARNING Image file D:\Dev\Krag-Kings\benchmark\art\nib\restorative-study\socket-wrist-v1\textures\Nib_v5_FacialSkinAtlas_Roughness.png does not exist.
00:05.593  cycles           | WARNING Image file D:\Dev\Krag-Kings\benchmark\art\nib\restorative-study\socket-wrist-v1\textures\Nib_OcularIris_Normal.png does not exist.
00:05.593  cycles           | WARNING Image file D:\Dev\Krag-Kings\benchmark\art\nib\restorative-study\socket-wrist-v1\textures\Nib_v5_HeadFur_BaseColor.png does not exist.
00:05.593  cycles           | WARNING Image file D:\Dev\Krag-Kings\benchmark\art\nib\restorative-study\socket-wrist-v1\textures\Nib_Teal_Metallic.png does not exist.
00:05.593  cycles           | WARNING Image file D:\Dev\Krag-Kings\benchmark\art\nib\restorative-study\socket-wrist-v1\textures\Nib_v5_FacialSkinAtlas_Metallic.png does not exist.
00:05.593  cycles           | WARNING Image file D:\Dev\Krag-Kings\benchmark\art\nib\restorative-study\socket-wrist-v1\textures\Nib_OcularIris_Roughness.png does not exist.
00:05.593  cycles           | WARNING Image file D:\Dev\Krag-Kings\benchmark\art\nib\restorative-study\socket-wrist-v1\textures\Nib_OcularGlobe_Normal.png does not exist.
00:05.593  cycles           | WARNING Image file D:\Dev\Krag-Kings\benchmark\art\nib\restorative-study\socket-wrist-v1\textures\Nib_Teal_BaseColor.png does not exist.
00:05.593  cycles           | WARNING Image file D:\Dev\Krag-Kings\benchmark\art\nib\restorative-study\socket-wrist-v1\textures\Nib_v5_FacialSkinAtlas_BaseColor.png does not exist.
00:05.593  cycles           | WARNING Image file D:\Dev\Krag-Kings\benchmark\art\nib\restorative-study\socket-wrist-v1\textures\Nib_OcularIris_Metallic.png does not exist.
00:05.593  cycles           | WARNING Image file D:\Dev\Krag-Kings\benchmark\art\nib\restorative-study\socket-wrist-v1\textures\Nib_OcularGlobe_Roughness.png does not exist.
00:05.593  cycles           | WARNING Image file D:\Dev\Krag-Kings\benchmark\art\nib\restorative-study\socket-wrist-v1\textures\Nib_OcularIris_BaseColor.png does not exist.
00:05.593  cycles           | WARNING Image file D:\Dev\Krag-Kings\benchmark\art\nib\restorative-study\socket-wrist-v1\textures\Nib_OcularGlobe_Metallic.png does not exist.
00:05.593  cycles           | WARNING Image file D:\Dev\Krag-Kings\benchmark\art\nib\restorative-study\socket-wrist-v1\textures\Nib_OcularGlobe_BaseColor.png does not exist.
00:05.890  cycles           | ERROR Failed to load 98 image files
01:06.672  render           | Saved: 'D:\Dev\Krag-Kings\benchmark\local\candidates\nib-coherent79-socket-1b992e-v1\pbr-review\baked\Nib_FaceReview.png'
01:07.828  cycles           | WARNING Image file D:\Dev\Krag-Kings\benchmark\art\nib\restorative-study\socket-wrist-v1\textures\Nib_MouthInterior_Normal.png does not exist.
01:07.828  cycles           | WARNING Image file D:\Dev\Krag-Kings\benchmark\art\nib\restorative-study\socket-wrist-v1\textures\Nib_Gum_Normal.png does not exist.
01:07.828  cycles           | WARNING Image file D:\Dev\Krag-Kings\benchmark\art\nib\restorative-study\socket-wrist-v1\textures\Nib_Cloth_Normal.png does not exist.
01:07.828  cycles           | WARNING Image file D:\Dev\Krag-Kings\benchmark\art\nib\restorative-study\socket-wrist-v1\textures\Nib_Gum_Roughness.png does not exist.
01:07.828  cycles           | WARNING Image file D:\Dev\Krag-Kings\benchmark\art\nib\restorative-study\socket-wrist-v1\textures\Nib_MouthInterior_Roughness.png does not exist.
01:07.828  cycles           | WARNING Image file D:\Dev\Krag-Kings\benchmark\art\nib\restorative-study\socket-wrist-v1\textures\Nib_v5_InnerEarWisps_Normal.png does not exist.
01:07.828  cycles           | WARNING Image file D:\Dev\Krag-Kings\benchmark\art\nib\restorative-study\socket-wrist-v1\textures\Nib_Cloth_Roughness.png does not exist.
01:07.828  cycles           | WARNING Image file D:\Dev\Krag-Kings\benchmark\art\nib\restorative-study\socket-wrist-v1\textures\Nib_Gum_Metallic.png does not exist.
01:07.828  cycles           | WARNING Image file D:\Dev\Krag-Kings\benchmark\art\nib\restorative-study\socket-wrist-v1\textures\Nib_MouthInterior_Metallic.png does not exist.
01:07.828  cycles           | WARNING Image file D:\Dev\Krag-Kings\benchmark\art\nib\restorative-study\socket-wrist-v1\textures\Nib_v5_InnerEarWisps_Roughness.png does not exist.
01:07.828  cycles           | WARNING Image file D:\Dev\Krag-Kings\benchmark\art\nib\restorative-study\socket-wrist-v1\textures\Nib_Cloth_Metallic.png does not exist.
01:07.828  cycles           | WARNING Image file D:\Dev\Krag-Kings\benchmark\art\nib\restorative-study\socket-wrist-v1\textures\Nib_Gum_BaseColor.png does not exist.
01:07.828  cycles           | WARNING Image file D:\Dev\Krag-Kings\benchmark\art\nib\restorative-study\socket-wrist-v1\textures\Nib_MouthInterior_BaseColor.png does not exist.
01:07.828  cycles           | WARNING Image file D:\Dev\Krag-Kings\benchmark\art\nib\restorative-study\socket-wrist-v1\textures\Nib_v5_InnerEarWisps_Metallic.png does not exist.
01:07.828  cycles           | WARNING Image file D:\Dev\Krag-Kings\benchmark\art\nib\restorative-study\socket-wrist-v1\textures\Nib_Cloth_BaseColor.png does not exist.
01:07.828  cycles           | WARNING Image file D:\Dev\Krag-Kings\benchmark\art\nib\restorative-study\socket-wrist-v1\textures\Nib_v5_InnerEarWisps_BaseColor.png does not exist.
01:07.828  cycles           | WARNING Image file D:\Dev\Krag-Kings\benchmark\art\nib\restorative-study\socket-wrist-v1\textures\Nib_Tongue_Normal.png does not exist.
01:07.828  cycles           | WARNING Image file D:\Dev\Krag-Kings\benchmark\art\nib\restorative-study\socket-wrist-v1\textures\Nib_Tooth_Normal.png does not exist.
01:07.828  cycles           | WARNING Image file D:\Dev\Krag-Kings\benchmark\art\nib\restorative-study\socket-wrist-v1\textures\Nib_Tongue_Roughness.png does not exist.
01:07.828  cycles           | WARNING Image file D:\Dev\Krag-Kings\benchmark\art\nib\restorative-study\socket-wrist-v1\textures\Nib_v6_FurCards_Normal.png does not exist.
01:07.828  cycles           | WARNING Image file D:\Dev\Krag-Kings\benchmark\art\nib\restorative-study\socket-wrist-v1\textures\Nib_v5_TawnyEarUndercoat_Normal.png does not exist.
01:07.828  cycles           | WARNING Image file D:\Dev\Krag-Kings\benchmark\art\nib\restorative-study\socket-wrist-v1\textures\Nib_Tooth_Roughness.png does not exist.
01:07.828  cycles           | WARNING Image file D:\Dev\Krag-Kings\benchmark\art\nib\restorative-study\socket-wrist-v1\textures\Nib_Tongue_Metallic.png does not exist.
01:07.828  cycles           | WARNING Image file D:\Dev\Krag-Kings\benchmark\art\nib\restorative-study\socket-wrist-v1\textures\Nib_v6_FurCards_Roughness.png does not exist.
01:07.828  cycles           | WARNING Image file D:\Dev\Krag-Kings\benchmark\art\nib\restorative-study\socket-wrist-v1\textures\Nib_v5_TawnyEarUndercoat_Roughness.png does not exist.
01:07.828  cycles           | WARNING Image file D:\Dev\Krag-Kings\benchmark\art\nib\restorative-study\socket-wrist-v1\textures\Nib_Tooth_Metallic.png does not exist.
01:07.828  cycles           | WARNING Image file D:\Dev\Krag-Kings\benchmark\art\nib\restorative-study\socket-wrist-v1\textures\Nib_Tongue_BaseColor.png does not exist.
01:07.828  cycles           | WARNING Image file D:\Dev\Krag-Kings\benchmark\art\nib\restorative-study\socket-wrist-v1\textures\Nib_Tooth_BaseColor.png does not exist.
01:07.828  cycles           | WARNING Image file D:\Dev\Krag-Kings\benchmark\art\nib\restorative-study\socket-wrist-v1\textures\Nib_v5_TawnyEarUndercoat_Metallic.png does not exist.
01:07.828  cycles           | WARNING Image file D:\Dev\Krag-Kings\benchmark\art\nib\restorative-study\socket-wrist-v1\textures\Nib_v6_FurCards_Metallic.png does not exist.
01:07.828  cycles           | WARNING Image file D:\Dev\Krag-Kings\benchmark\art\nib\restorative-study\socket-wrist-v1\textures\Nib_v5_DustyPinkEar_Normal.png does not exist.
01:07.828  cycles           | WARNING Image file D:\Dev\Krag-Kings\benchmark\art\nib\restorative-study\socket-wrist-v1\textures\Nib_Brass_Normal.png does not exist.
01:07.828  cycles           | WARNING Image file D:\Dev\Krag-Kings\benchmark\art\nib\restorative-study\socket-wrist-v1\textures\Nib_v5_TawnyEarUndercoat_BaseColor.png does not exist.
01:07.828  cycles           | WARNING Image file D:\Dev\Krag-Kings\benchmark\art\nib\restorative-study\socket-wrist-v1\textures\Nib_v6_InnerEarWispsCards_BaseColor.png does not exist.
01:07.828  cycles           | WARNING Image file D:\Dev\Krag-Kings\benchmark\art\nib\restorative-study\socket-wrist-v1\textures\Nib_v5_DustyPinkEar_Roughness.png does not exist.
01:07.828  cycles           | WARNING Image file D:\Dev\Krag-Kings\benchmark\art\nib\restorative-study\socket-wrist-v1\textures\Nib_Brass_Roughness.png does not exist.
01:07.828  cycles           | WARNING Image file D:\Dev\Krag-Kings\benchmark\art\nib\restorative-study\socket-wrist-v1\textures\Nib_Lens_Normal.png does not exist.
01:07.828  cycles           | WARNING Image file D:\Dev\Krag-Kings\benchmark\art\nib\restorative-study\socket-wrist-v1\textures\Nib_v5_TawnyEarFur_Normal.png does not exist.
01:07.828  cycles           | WARNING Image file D:\Dev\Krag-Kings\benchmark\art\nib\restorative-study\socket-wrist-v1\textures\Nib_v5_DustyPinkEar_Metallic.png does not exist.
01:07.828  cycles           | WARNING Image file D:\Dev\Krag-Kings\benchmark\art\nib\restorative-study\socket-wrist-v1\textures\Nib_Brass_Metallic.png does not exist.
01:07.828  cycles           | WARNING Image file D:\Dev\Krag-Kings\benchmark\art\nib\restorative-study\socket-wrist-v1\textures\Nib_Lens_Roughness.png does not exist.
01:07.828  cycles           | WARNING Image file D:\Dev\Krag-Kings\benchmark\art\nib\restorative-study\socket-wrist-v1\textures\Nib_v5_TawnyEarFur_Roughness.png does not exist.
01:07.843  cycles           | WARNING Image file D:\Dev\Krag-Kings\benchmark\art\nib\restorative-study\socket-wrist-v1\textures\Nib_v5_DustyPinkEar_BaseColor.png does not exist.
01:07.843  cycles           | WARNING Image file D:\Dev\Krag-Kings\benchmark\art\nib\restorative-study\socket-wrist-v1\textures\Nib_Brass_BaseColor.png does not exist.
01:07.843  cycles           | WARNING Image file D:\Dev\Krag-Kings\benchmark\art\nib\restorative-study\socket-wrist-v1\textures\Nib_Leather_Normal.png does not exist.
01:07.843  cycles           | WARNING Image file D:\Dev\Krag-Kings\benchmark\art\nib\restorative-study\socket-wrist-v1\textures\Nib_v5_TawnyEarFur_Metallic.png does not exist.
01:07.843  cycles           | WARNING Image file D:\Dev\Krag-Kings\benchmark\art\nib\restorative-study\socket-wrist-v1\textures\Nib_Lens_Metallic.png does not exist.
01:07.843  cycles           | WARNING Image file D:\Dev\Krag-Kings\benchmark\art\nib\restorative-study\socket-wrist-v1\textures\Nib_Steel_Normal.png does not exist.
01:07.843  cycles           | WARNING Image file D:\Dev\Krag-Kings\benchmark\art\nib\restorative-study\socket-wrist-v1\textures\Nib_Leather_Roughness.png does not exist.
01:07.843  cycles           | WARNING Image file D:\Dev\Krag-Kings\benchmark\art\nib\restorative-study\socket-wrist-v1\textures\Nib_v5_TawnyEarFur_BaseColor.png does not exist.
01:07.843  cycles           | WARNING Image file D:\Dev\Krag-Kings\benchmark\art\nib\restorative-study\socket-wrist-v1\textures\Nib_Lens_BaseColor.png does not exist.
01:07.843  cycles           | WARNING Image file D:\Dev\Krag-Kings\benchmark\art\nib\restorative-study\socket-wrist-v1\textures\Nib_Steel_Roughness.png does not exist.
01:07.843  cycles           | WARNING Image file D:\Dev\Krag-Kings\benchmark\art\nib\restorative-study\socket-wrist-v1\textures\Nib_Leather_Metallic.png does not exist.
01:07.843  cycles           | WARNING Image file D:\Dev\Krag-Kings\benchmark\art\nib\restorative-study\socket-wrist-v1\textures\Nib_v6_TawnyEarFurCards_BaseColor.png does not exist.
01:07.843  cycles           | WARNING Image file D:\Dev\Krag-Kings\benchmark\art\nib\restorative-study\socket-wrist-v1\textures\Nib_Workwear_Normal.png does not exist.
01:07.843  cycles           | WARNING Image file D:\Dev\Krag-Kings\benchmark\art\nib\restorative-study\socket-wrist-v1\textures\Nib_Steel_Metallic.png does not exist.
01:07.843  cycles           | WARNING Image file D:\Dev\Krag-Kings\benchmark\art\nib\restorative-study\socket-wrist-v1\textures\Nib_Leather_BaseColor.png does not exist.
01:07.843  cycles           | WARNING Image file D:\Dev\Krag-Kings\benchmark\art\nib\restorative-study\socket-wrist-v1\textures\Nib_v6_HeadFurCards_BaseColor.png does not exist.
01:07.843  cycles           | WARNING Image file D:\Dev\Krag-Kings\benchmark\art\nib\restorative-study\socket-wrist-v1\textures\Nib_Workwear_Roughness.png does not exist.
01:07.843  cycles           | WARNING Image file D:\Dev\Krag-Kings\benchmark\art\nib\restorative-study\socket-wrist-v1\textures\Nib_Steel_BaseColor.png does not exist.
01:07.843  cycles           | WARNING Image file D:\Dev\Krag-Kings\benchmark\art\nib\restorative-study\socket-wrist-v1\textures\Nib_Stitch_Normal.png does not exist.
01:07.843  cycles           | WARNING Image file D:\Dev\Krag-Kings\benchmark\art\nib\restorative-study\socket-wrist-v1\textures\Nib_Hair_Normal.png does not exist.
01:07.843  cycles           | WARNING Image file D:\Dev\Krag-Kings\benchmark\art\nib\restorative-study\socket-wrist-v1\textures\Nib_Workwear_Metallic.png does not exist.
01:07.843  cycles           | WARNING Image file D:\Dev\Krag-Kings\benchmark\art\nib\restorative-study\socket-wrist-v1\textures\Nib_Skin_Normal.png does not exist.
01:07.843  cycles           | WARNING Image file D:\Dev\Krag-Kings\benchmark\art\nib\restorative-study\socket-wrist-v1\textures\Nib_Stitch_Roughness.png does not exist.
01:07.843  cycles           | WARNING Image file D:\Dev\Krag-Kings\benchmark\art\nib\restorative-study\socket-wrist-v1\textures\Nib_Hair_Roughness.png does not exist.
01:07.843  cycles           | WARNING Image file D:\Dev\Krag-Kings\benchmark\art\nib\restorative-study\socket-wrist-v1\textures\Nib_Workwear_BaseColor.png does not exist.
01:07.843  cycles           | WARNING Image file D:\Dev\Krag-Kings\benchmark\art\nib\restorative-study\socket-wrist-v1\textures\Nib_Skin_Roughness.png does not exist.
01:07.843  cycles           | WARNING Image file D:\Dev\Krag-Kings\benchmark\art\nib\restorative-study\socket-wrist-v1\textures\Nib_Stitch_Metallic.png does not exist.
01:07.843  cycles           | WARNING Image file D:\Dev\Krag-Kings\benchmark\art\nib\restorative-study\socket-wrist-v1\textures\Nib_Hair_Metallic.png does not exist.
01:07.843  cycles           | WARNING Image file D:\Dev\Krag-Kings\benchmark\art\nib\restorative-study\socket-wrist-v1\textures\Nib_Dark_Normal.png does not exist.
01:07.843  cycles           | WARNING Image file D:\Dev\Krag-Kings\benchmark\art\nib\restorative-study\socket-wrist-v1\textures\Nib_Skin_Metallic.png does not exist.
01:07.843  cycles           | WARNING Image file D:\Dev\Krag-Kings\benchmark\art\nib\restorative-study\socket-wrist-v1\textures\Nib_Stitch_BaseColor.png does not exist.
01:07.843  cycles           | WARNING Image file D:\Dev\Krag-Kings\benchmark\art\nib\restorative-study\socket-wrist-v1\textures\Nib_Hair_BaseColor.png does not exist.
01:07.843  cycles           | WARNING Image file D:\Dev\Krag-Kings\benchmark\art\nib\restorative-study\socket-wrist-v1\textures\Nib_Dark_Roughness.png does not exist.
01:07.843  cycles           | WARNING Image file D:\Dev\Krag-Kings\benchmark\art\nib\restorative-study\socket-wrist-v1\textures\Nib_Skin_BaseColor.png does not exist.
01:07.843  cycles           | WARNING Image file D:\Dev\Krag-Kings\benchmark\art\nib\restorative-study\socket-wrist-v1\textures\Nib_Teal_Normal.png does not exist.
01:07.843  cycles           | WARNING Image file D:\Dev\Krag-Kings\benchmark\art\nib\restorative-study\socket-wrist-v1\textures\Nib_v5_HeadFur_Normal.png does not exist.
01:07.843  cycles           | WARNING Image file D:\Dev\Krag-Kings\benchmark\art\nib\restorative-study\socket-wrist-v1\textures\Nib_Dark_Metallic.png does not exist.
01:07.843  cycles           | WARNING Image file D:\Dev\Krag-Kings\benchmark\art\nib\restorative-study\socket-wrist-v1\textures\Nib_v5_FacialSkinAtlas_Normal.png does not exist.
01:07.843  cycles           | WARNING Image file D:\Dev\Krag-Kings\benchmark\art\nib\restorative-study\socket-wrist-v1\textures\Nib_Teal_Roughness.png does not exist.
01:07.843  cycles           | WARNING Image file D:\Dev\Krag-Kings\benchmark\art\nib\restorative-study\socket-wrist-v1\textures\Nib_v5_HeadFur_Roughness.png does not exist.
01:07.843  cycles           | WARNING Image file D:\Dev\Krag-Kings\benchmark\art\nib\restorative-study\socket-wrist-v1\textures\Nib_Dark_BaseColor.png does not exist.
01:07.843  cycles           | WARNING Image file D:\Dev\Krag-Kings\benchmark\art\nib\restorative-study\socket-wrist-v1\textures\Nib_v5_FacialSkinAtlas_Roughness.png does not exist.
01:07.843  cycles           | WARNING Image file D:\Dev\Krag-Kings\benchmark\art\nib\restorative-study\socket-wrist-v1\textures\Nib_Teal_Metallic.png does not exist.
01:07.843  cycles           | WARNING Image file D:\Dev\Krag-Kings\benchmark\art\nib\restorative-study\socket-wrist-v1\textures\Nib_v5_FacialSkinAtlas_Metallic.png does not exist.
01:07.843  cycles           | WARNING Image file D:\Dev\Krag-Kings\benchmark\art\nib\restorative-study\socket-wrist-v1\textures\Nib_OcularIris_Normal.png does not exist.
01:07.843  cycles           | WARNING Image file D:\Dev\Krag-Kings\benchmark\art\nib\restorative-study\socket-wrist-v1\textures\Nib_v5_HeadFur_Metallic.png does not exist.
01:07.843  cycles           | WARNING Image file D:\Dev\Krag-Kings\benchmark\art\nib\restorative-study\socket-wrist-v1\textures\Nib_Teal_BaseColor.png does not exist.
01:07.843  cycles           | WARNING Image file D:\Dev\Krag-Kings\benchmark\art\nib\restorative-study\socket-wrist-v1\textures\Nib_v5_FacialSkinAtlas_BaseColor.png does not exist.
01:07.843  cycles           | WARNING Image file D:\Dev\Krag-Kings\benchmark\art\nib\restorative-study\socket-wrist-v1\textures\Nib_OcularIris_Roughness.png does not exist.
01:07.843  cycles           | WARNING Image file D:\Dev\Krag-Kings\benchmark\art\nib\restorative-study\socket-wrist-v1\textures\Nib_v5_HeadFur_BaseColor.png does not exist.
01:07.843  cycles           | WARNING Image file D:\Dev\Krag-Kings\benchmark\art\nib\restorative-study\socket-wrist-v1\textures\Nib_OcularGlobe_Normal.png does not exist.
01:07.843  cycles           | WARNING Image file D:\Dev\Krag-Kings\benchmark\art\nib\restorative-study\socket-wrist-v1\textures\Nib_OcularIris_Metallic.png does not exist.
01:07.843  cycles           | WARNING Image file D:\Dev\Krag-Kings\benchmark\art\nib\restorative-study\socket-wrist-v1\textures\Nib_OcularGlobe_Roughness.png does not exist.
01:07.843  cycles           | WARNING Image file D:\Dev\Krag-Kings\benchmark\art\nib\restorative-study\socket-wrist-v1\textures\Nib_OcularIris_BaseColor.png does not exist.
01:07.843  cycles           | WARNING Image file D:\Dev\Krag-Kings\benchmark\art\nib\restorative-study\socket-wrist-v1\textures\Nib_OcularGlobe_Metallic.png does not exist.
01:07.843  cycles           | WARNING Image file D:\Dev\Krag-Kings\benchmark\art\nib\restorative-study\socket-wrist-v1\textures\Nib_OcularGlobe_BaseColor.png does not exist.
01:08.156  cycles           | ERROR Failed to load 98 image files
