DOWNLOAD_PROGRESS TripoSR-107cefdc.zip 1048576
DOWNLOAD_VERIFIED TripoSR-107cefdc.zip 31282920 a7b3871a1b4377bef96cbfb99bdc952bdd4f5df9f65fea4208d978a343fd1162
DOWNLOAD_PROGRESS torchmcubes-bc36b08c.zip 225294
DOWNLOAD_VERIFIED torchmcubes-bc36b08c.zip 225294 6187abe2b7d9b20150b0ee2b710cebf1dc5bfeb23c343a73c8ebafd5a017ab1b
DOWNLOAD_PROGRESS triposr-config.yaml 987
DOWNLOAD_VERIFIED triposr-config.yaml 987 74ca708ce086bf68e97709ea6b3d91f14717921c04691e84043f0eb8fcc68e62
DOWNLOAD_PROGRESS triposr-model-card.md 2488
DOWNLOAD_VERIFIED triposr-model-card.md 2488 5c12ef5b850c6ee2aa7454b1a264f6f8dfa95164384dbb1ab374acd917aa558b
DOWNLOAD_PROGRESS dino-config.json 454
DOWNLOAD_VERIFIED dino-config.json 454 b87c0270b97db085fd82cf114a761fd0f62ae7914fbd407c752a2260646b689c
DOWNLOAD_PROGRESS TripoSR-LICENSE 1080
DOWNLOAD_VERIFIED TripoSR-LICENSE 1080 ade0a66629bdd7e01e46b3296b3851cff0fd27989bca53da470ad6e96ed620fb
DOWNLOAD_PROGRESS torchmcubes-README.md 1580
DOWNLOAD_VERIFIED torchmcubes-README.md 1580 be51a503ce1e5a089ba5d0dd845a3a67953d74f9b048959508db3e62ea770c9a
DOWNLOAD_PROGRESS model.ckpt 1048576
DOWNLOAD_PROGRESS model.ckpt 176160768
DOWNLOAD_PROGRESS model.ckpt 344981504
DOWNLOAD_PROGRESS model.ckpt 513802240
DOWNLOAD_PROGRESS model.ckpt 682622976
DOWNLOAD_PROGRESS model.ckpt 851443712
DOWNLOAD_PROGRESS model.ckpt 1020264448
DOWNLOAD_PROGRESS model.ckpt 1189085184
DOWNLOAD_PROGRESS model.ckpt 1357905920
DOWNLOAD_PROGRESS model.ckpt 1526726656
DOWNLOAD_VERIFIED model.ckpt 1677246742 429e2c6b22a0923967459de24d67f05962b235f79cde6b032aa7ed2ffcd970ee
DOWNLOAD_PROGRESS torch-2.5.1+cu121-cp310-cp310-win_amd64.whl 1048576
DOWNLOAD_PROGRESS torch-2.5.1+cu121-cp310-cp310-win_amd64.whl 170917888
DOWNLOAD_PROGRESS torch-2.5.1+cu121-cp310-cp310-win_amd64.whl 339738624
DOWNLOAD_PROGRESS torch-2.5.1+cu121-cp310-cp310-win_amd64.whl 508559360
DOWNLOAD_PROGRESS torch-2.5.1+cu121-cp310-cp310-win_amd64.whl 677380096
DOWNLOAD_PROGRESS torch-2.5.1+cu121-cp310-cp310-win_amd64.whl 846200832
DOWNLOAD_PROGRESS torch-2.5.1+cu121-cp310-cp310-win_amd64.whl 1015021568
DOWNLOAD_PROGRESS torch-2.5.1+cu121-cp310-cp310-win_amd64.whl 1183842304
DOWNLOAD_PROGRESS torch-2.5.1+cu121-cp310-cp310-win_amd64.whl 1352663040
DOWNLOAD_PROGRESS torch-2.5.1+cu121-cp310-cp310-win_amd64.whl 1521483776
DOWNLOAD_PROGRESS torch-2.5.1+cu121-cp310-cp310-win_amd64.whl 1690304512
DOWNLOAD_PROGRESS torch-2.5.1+cu121-cp310-cp310-win_amd64.whl 1859125248
DOWNLOAD_PROGRESS torch-2.5.1+cu121-cp310-cp310-win_amd64.whl 2027945984
DOWNLOAD_PROGRESS torch-2.5.1+cu121-cp310-cp310-win_amd64.whl 2196766720
DOWNLOAD_PROGRESS torch-2.5.1+cu121-cp310-cp310-win_amd64.whl 2365587456
DOWNLOAD_VERIFIED torch-2.5.1+cu121-cp310-cp310-win_amd64.whl 2449372784 9b22d6d98aa56f9317902dec0e066814a6edba1aada90110ceea2bb0678df22f
TRIPOSR_NETWORK_ONLY_COMPLETE
