LMB selects Nib : True
Tab changes selected unit : True
Krag melee begins for overlap test : True
Nib shoots while Krag melee remains active : True
Melee key triggers authored action : True
Shoot key triggers authored action : True
Krag emits both authored discharges before another action interrupts : True
Krag actual discharge markers pass repaired-aim 10-degree regression : True
Hit key triggers authored action : True
Arrow pans camera during action : True
Melee remains active for orbit test : True
MMB orbits camera during action : True
Melee remains active for zoom test : True
Mouse wheel zooms camera during action : True
V changes bionic variant : True
E starts facial acting : True
Facial curves reach applied mesh morph weights : True
C enters portrait : True
Portrait camera retains pan control : True
Home resets portrait : True
RMB runs to terrain : True
Run activates applied body corrective weights : True
Shift+RMB walks to terrain : True
Tab returns selection to Nib : True
Nib Melee key triggers authored action : True
Nib Shoot key triggers authored action : True
Nib Hit key triggers authored action : True
Nib V changes replacement variant : True
Nib E activates applied facial morphs : True
Nib C enters portrait : True
Home restores wide camera before Nib movement : True
Nib wide camera advances after reset : True
Nib RMB runs to terrain : True
Nib Shift+RMB walks to terrain : True
