00:03.734  blend            | Read blend: "D:\Dev\Krag-Kings\benchmark\art\animation\krag-convergent-hand-v2\Krag_ConvergentHand_v2.blend"
00:07.250  render           | Saved: 'D:\Dev\Krag-Kings\benchmark\art\animation\krag-convergent-hand-v2\actions-review\Idle_00_palm.png'
00:07.359  render           | Saved: 'D:\Dev\Krag-Kings\benchmark\art\animation\krag-convergent-hand-v2\actions-review\Idle_00_back.png'
00:07.468  render           | Saved: 'D:\Dev\Krag-Kings\benchmark\art\animation\krag-convergent-hand-v2\actions-review\Idle_00_edge.png'
00:07.578  render           | Saved: 'D:\Dev\Krag-Kings\benchmark\art\animation\krag-convergent-hand-v2\actions-review\Idle_50_palm.png'
00:07.671  render           | Saved: 'D:\Dev\Krag-Kings\benchmark\art\animation\krag-convergent-hand-v2\actions-review\Idle_50_back.png'
00:07.781  render           | Saved: 'D:\Dev\Krag-Kings\benchmark\art\animation\krag-convergent-hand-v2\actions-review\Idle_50_edge.png'
00:07.890  render           | Saved: 'D:\Dev\Krag-Kings\benchmark\art\animation\krag-convergent-hand-v2\actions-review\Run_00_palm.png'
00:08.000  render           | Saved: 'D:\Dev\Krag-Kings\benchmark\art\animation\krag-convergent-hand-v2\actions-review\Run_00_back.png'
00:08.093  render           | Saved: 'D:\Dev\Krag-Kings\benchmark\art\animation\krag-convergent-hand-v2\actions-review\Run_00_edge.png'
00:08.531  render           | Saved: 'D:\Dev\Krag-Kings\benchmark\art\animation\krag-convergent-hand-v2\actions-review\Run_50_palm.png'
00:08.640  render           | Saved: 'D:\Dev\Krag-Kings\benchmark\art\animation\krag-convergent-hand-v2\actions-review\Run_50_back.png'
00:08.906  render           | Saved: 'D:\Dev\Krag-Kings\benchmark\art\animation\krag-convergent-hand-v2\actions-review\Run_50_edge.png'
00:09.015  render           | Saved: 'D:\Dev\Krag-Kings\benchmark\art\animation\krag-convergent-hand-v2\actions-review\Melee_00_palm.png'
00:09.109  render           | Saved: 'D:\Dev\Krag-Kings\benchmark\art\animation\krag-convergent-hand-v2\actions-review\Melee_00_back.png'
00:09.218  render           | Saved: 'D:\Dev\Krag-Kings\benchmark\art\animation\krag-convergent-hand-v2\actions-review\Melee_00_edge.png'
00:09.328  render           | Saved: 'D:\Dev\Krag-Kings\benchmark\art\animation\krag-convergent-hand-v2\actions-review\Melee_50_palm.png'
00:09.437  render           | Saved: 'D:\Dev\Krag-Kings\benchmark\art\animation\krag-convergent-hand-v2\actions-review\Melee_50_back.png'
00:09.562  render           | Saved: 'D:\Dev\Krag-Kings\benchmark\art\animation\krag-convergent-hand-v2\actions-review\Melee_50_edge.png'
KRAG_KINGS_HAND_REVIEW_COMPLETE
Blender 5.2.0 LTS (hash fbe6228777e7 built 2026-07-14 01:35:40)

Blender quit
