SETUP_COMMAND ["C:\\Python310\\python.exe", "-m", "venv", "D:\\Dev\\Krag-Kings\\benchmark\\local\\triposr-reference-v1\\venv"]
SETUP_COMMAND ["D:\\Dev\\Krag-Kings\\benchmark\\local\\triposr-reference-v1\\venv\\Scripts\\python.exe", "-m", "pip", "install", "--no-index", "--no-deps", "D:\\Dev\\Krag-Kings\\benchmark\\local\\triposr-reference-v1\\downloads\\pip-25.3-py3-none-any.whl", "D:\\Dev\\Krag-Kings\\benchmark\\local\\triposr-reference-v1\\downloads\\setuptools-75.6.0-py3-none-any.whl", "D:\\Dev\\Krag-Kings\\benchmark\\local\\triposr-reference-v1\\downloads\\wheel-0.45.1-py3-none-any.whl", "D:\\Dev\\Krag-Kings\\benchmark\\local\\triposr-reference-v1\\downloads\\packaging-24.2-py3-none-any.whl"]
Processing d:\dev\krag-kings\benchmark\local\triposr-reference-v1\downloads\pip-25.3-py3-none-any.whl
Processing d:\dev\krag-kings\benchmark\local\triposr-reference-v1\downloads\setuptools-75.6.0-py3-none-any.whl
Processing d:\dev\krag-kings\benchmark\local\triposr-reference-v1\downloads\wheel-0.45.1-py3-none-any.whl
Processing d:\dev\krag-kings\benchmark\local\triposr-reference-v1\downloads\packaging-24.2-py3-none-any.whl
Installing collected packages: wheel, setuptools, pip, packaging
  Attempting uninstall: setuptools
    Found existing installation: setuptools 58.1.0
    Uninstalling setuptools-58.1.0:
      Successfully uninstalled setuptools-58.1.0
  Attempting uninstall: pip
    Found existing installation: pip 21.2.4
    Uninstalling pip-21.2.4:
      Successfully uninstalled pip-21.2.4
Successfully installed packaging-24.2 pip-25.3 setuptools-75.6.0 wheel-0.45.1
SETUP_COMMAND ["D:\\Dev\\Krag-Kings\\benchmark\\local\\triposr-reference-v1\\venv\\Scripts\\python.exe", "-m", "pip", "install", "--dry-run", "--ignore-installed", "--only-binary=:all:", "--no-binary=antlr4-python3-runtime", "--no-build-isolation", "--report", "D:\\Dev\\Krag-Kings\\benchmark\\local\\triposr-reference-v1\\resolution.json", "-r", "D:\\Dev\\Krag-Kings\\benchmark\\local\\triposr-reference-v1\\requirements-local.in"]
Processing d:\dev\krag-kings\benchmark\local\triposr-downloads-v1\torch-2.5.1+cu121-cp310-cp310-win_amd64.whl (from -r D:\Dev\Krag-Kings\benchmark\local\triposr-reference-v1\requirements-local.in (line 5))
Collecting numpy==1.26.4 (from -r D:\Dev\Krag-Kings\benchmark\local\triposr-reference-v1\requirements-local.in (line 6))
  Downloading numpy-1.26.4-cp310-cp310-win_amd64.whl.metadata (61 kB)
Collecting omegaconf==2.3.0 (from -r D:\Dev\Krag-Kings\benchmark\local\triposr-reference-v1\requirements-local.in (line 7))
  Downloading omegaconf-2.3.0-py3-none-any.whl.metadata (3.9 kB)
Collecting antlr4-python3-runtime==4.9.3 (from -r D:\Dev\Krag-Kings\benchmark\local\triposr-reference-v1\requirements-local.in (line 8))
  Downloading antlr4-python3-runtime-4.9.3.tar.gz (117 kB)
  Preparing metadata (pyproject.toml): started
  Preparing metadata (pyproject.toml): finished with status 'done'
Collecting Pillow==10.1.0 (from -r D:\Dev\Krag-Kings\benchmark\local\triposr-reference-v1\requirements-local.in (line 9))
  Downloading Pillow-10.1.0-cp310-cp310-win_amd64.whl.metadata (9.6 kB)
Collecting einops==0.7.0 (from -r D:\Dev\Krag-Kings\benchmark\local\triposr-reference-v1\requirements-local.in (line 10))
  Downloading einops-0.7.0-py3-none-any.whl.metadata (13 kB)
Collecting transformers==4.35.0 (from -r D:\Dev\Krag-Kings\benchmark\local\triposr-reference-v1\requirements-local.in (line 11))
  Downloading transformers-4.35.0-py3-none-any.whl.metadata (123 kB)
Collecting trimesh==4.0.5 (from -r D:\Dev\Krag-Kings\benchmark\local\triposr-reference-v1\requirements-local.in (line 12))
  Downloading trimesh-4.0.5-py3-none-any.whl.metadata (18 kB)
Collecting rembg==2.0.60 (from rembg[cpu]==2.0.60->-r D:\Dev\Krag-Kings\benchmark\local\triposr-reference-v1\requirements-local.in (line 13))
  Downloading rembg-2.0.60-py3-none-any.whl.metadata (18 kB)
Collecting huggingface-hub==0.17.3 (from -r D:\Dev\Krag-Kings\benchmark\local\triposr-reference-v1\requirements-local.in (line 14))
  Downloading huggingface_hub-0.17.3-py3-none-any.whl.metadata (13 kB)
Collecting imageio==2.34.0 (from imageio[ffmpeg]==2.34.0->-r D:\Dev\Krag-Kings\benchmark\local\triposr-reference-v1\requirements-local.in (line 15))
  Downloading imageio-2.34.0-py3-none-any.whl.metadata (4.9 kB)
Collecting xatlas==0.0.9 (from -r D:\Dev\Krag-Kings\benchmark\local\triposr-reference-v1\requirements-local.in (line 16))
  Downloading xatlas-0.0.9-cp310-cp310-win_amd64.whl.metadata (5.0 kB)
Collecting moderngl==5.10.0 (from -r D:\Dev\Krag-Kings\benchmark\local\triposr-reference-v1\requirements-local.in (line 17))
  Downloading moderngl-5.10.0-cp310-cp310-win_amd64.whl.metadata (7.4 kB)
Collecting setuptools==75.6.0 (from -r D:\Dev\Krag-Kings\benchmark\local\triposr-reference-v1\requirements-local.in (line 18))
  Downloading setuptools-75.6.0-py3-none-any.whl.metadata (6.7 kB)
Collecting wheel==0.45.1 (from -r D:\Dev\Krag-Kings\benchmark\local\triposr-reference-v1\requirements-local.in (line 19))
  Downloading wheel-0.45.1-py3-none-any.whl.metadata (2.3 kB)
Collecting ninja==1.11.1.3 (from -r D:\Dev\Krag-Kings\benchmark\local\triposr-reference-v1\requirements-local.in (line 20))
  Downloading ninja-1.11.1.3-py3-none-win_amd64.whl.metadata (5.3 kB)
Collecting packaging==24.2 (from -r D:\Dev\Krag-Kings\benchmark\local\triposr-reference-v1\requirements-local.in (line 21))
  Downloading packaging-24.2-py3-none-any.whl.metadata (3.2 kB)
Collecting filelock (from torch@ file:///D:/Dev/Krag-Kings/benchmark/local/triposr-downloads-v1/torch-2.5.1%2Bcu121-cp310-cp310-win_amd64.whl->-r D:\Dev\Krag-Kings\benchmark\local\triposr-reference-v1\requirements-local.in (line 5))
  Downloading filelock-4.0.12-py3-none-any.whl.metadata (2.0 kB)
Collecting typing-extensions>=4.8.0 (from torch@ file:///D:/Dev/Krag-Kings/benchmark/local/triposr-downloads-v1/torch-2.5.1%2Bcu121-cp310-cp310-win_amd64.whl->-r D:\Dev\Krag-Kings\benchmark\local\triposr-reference-v1\requirements-local.in (line 5))
  Downloading typing_extensions-4.16.0-py3-none-any.whl.metadata (3.3 kB)
Collecting networkx (from torch@ file:///D:/Dev/Krag-Kings/benchmark/local/triposr-downloads-v1/torch-2.5.1%2Bcu121-cp310-cp310-win_amd64.whl->-r D:\Dev\Krag-Kings\benchmark\local\triposr-reference-v1\requirements-local.in (line 5))
  Downloading networkx-3.4.2-py3-none-any.whl.metadata (6.3 kB)
Collecting jinja2 (from torch@ file:///D:/Dev/Krag-Kings/benchmark/local/triposr-downloads-v1/torch-2.5.1%2Bcu121-cp310-cp310-win_amd64.whl->-r D:\Dev\Krag-Kings\benchmark\local\triposr-reference-v1\requirements-local.in (line 5))
  Downloading jinja2-3.1.6-py3-none-any.whl.metadata (2.9 kB)
Collecting fsspec (from torch@ file:///D:/Dev/Krag-Kings/benchmark/local/triposr-downloads-v1/torch-2.5.1%2Bcu121-cp310-cp310-win_amd64.whl->-r D:\Dev\Krag-Kings\benchmark\local\triposr-reference-v1\requirements-local.in (line 5))
  Downloading fsspec-2026.9.0-py3-none-any.whl.metadata (10 kB)
Collecting sympy==1.13.1 (from torch@ file:///D:/Dev/Krag-Kings/benchmark/local/triposr-downloads-v1/torch-2.5.1%2Bcu121-cp310-cp310-win_amd64.whl->-r D:\Dev\Krag-Kings\benchmark\local\triposr-reference-v1\requirements-local.in (line 5))
  Downloading sympy-1.13.1-py3-none-any.whl.metadata (12 kB)
Collecting PyYAML>=5.1.0 (from omegaconf==2.3.0->-r D:\Dev\Krag-Kings\benchmark\local\triposr-reference-v1\requirements-local.in (line 7))
  Downloading pyyaml-6.0.3-cp310-cp310-win_amd64.whl.metadata (2.4 kB)
Collecting regex!=2019.12.17 (from transformers==4.35.0->-r D:\Dev\Krag-Kings\benchmark\local\triposr-reference-v1\requirements-local.in (line 11))
  Downloading regex-2026.9.29-cp310-cp310-win_amd64.whl.metadata (41 kB)
Collecting requests (from transformers==4.35.0->-r D:\Dev\Krag-Kings\benchmark\local\triposr-reference-v1\requirements-local.in (line 11))
  Downloading requests-2.34.2-py3-none-any.whl.metadata (4.8 kB)
Collecting tokenizers<0.15,>=0.14 (from transformers==4.35.0->-r D:\Dev\Krag-Kings\benchmark\local\triposr-reference-v1\requirements-local.in (line 11))
  Downloading tokenizers-0.14.1-cp310-none-win_amd64.whl.metadata (6.8 kB)
Collecting safetensors>=0.3.1 (from transformers==4.35.0->-r D:\Dev\Krag-Kings\benchmark\local\triposr-reference-v1\requirements-local.in (line 11))
  Downloading safetensors-0.8.0-cp310-abi3-win_amd64.whl.metadata (4.2 kB)
Collecting tqdm>=4.27 (from transformers==4.35.0->-r D:\Dev\Krag-Kings\benchmark\local\triposr-reference-v1\requirements-local.in (line 11))
  Downloading tqdm-4.70.1-py3-none-any.whl.metadata (57 kB)
Collecting jsonschema (from rembg==2.0.60->rembg[cpu]==2.0.60->-r D:\Dev\Krag-Kings\benchmark\local\triposr-reference-v1\requirements-local.in (line 13))
  Downloading jsonschema-4.26.0-py3-none-any.whl.metadata (7.6 kB)
Collecting opencv-python-headless (from rembg==2.0.60->rembg[cpu]==2.0.60->-r D:\Dev\Krag-Kings\benchmark\local\triposr-reference-v1\requirements-local.in (line 13))
  Downloading opencv_python_headless-5.0.0.93-cp37-abi3-win_amd64.whl.metadata (20 kB)
Collecting pooch (from rembg==2.0.60->rembg[cpu]==2.0.60->-r D:\Dev\Krag-Kings\benchmark\local\triposr-reference-v1\requirements-local.in (line 13))
  Downloading pooch-1.9.0-py3-none-any.whl.metadata (10 kB)
Collecting pymatting (from rembg==2.0.60->rembg[cpu]==2.0.60->-r D:\Dev\Krag-Kings\benchmark\local\triposr-reference-v1\requirements-local.in (line 13))
  Downloading pymatting-1.1.16-py3-none-any.whl.metadata (9.1 kB)
Collecting scikit-image (from rembg==2.0.60->rembg[cpu]==2.0.60->-r D:\Dev\Krag-Kings\benchmark\local\triposr-reference-v1\requirements-local.in (line 13))
  Downloading scikit_image-0.25.2-cp310-cp310-win_amd64.whl.metadata (14 kB)
Collecting scipy (from rembg==2.0.60->rembg[cpu]==2.0.60->-r D:\Dev\Krag-Kings\benchmark\local\triposr-reference-v1\requirements-local.in (line 13))
  Downloading scipy-1.15.3-cp310-cp310-win_amd64.whl.metadata (60 kB)
Collecting glcontext<3,>=2.5.0 (from moderngl==5.10.0->-r D:\Dev\Krag-Kings\benchmark\local\triposr-reference-v1\requirements-local.in (line 17))
  Downloading glcontext-2.5.0-cp310-cp310-win_amd64.whl.metadata (6.3 kB)
Collecting imageio-ffmpeg (from imageio[ffmpeg]==2.34.0->-r D:\Dev\Krag-Kings\benchmark\local\triposr-reference-v1\requirements-local.in (line 15))
  Downloading imageio_ffmpeg-0.6.0-py3-none-win_amd64.whl.metadata (1.5 kB)
Collecting psutil (from imageio[ffmpeg]==2.34.0->-r D:\Dev\Krag-Kings\benchmark\local\triposr-reference-v1\requirements-local.in (line 15))
  Downloading psutil-7.2.2-cp37-abi3-win_amd64.whl.metadata (22 kB)
Collecting onnxruntime (from rembg[cpu]==2.0.60->-r D:\Dev\Krag-Kings\benchmark\local\triposr-reference-v1\requirements-local.in (line 13))
  Downloading onnxruntime-1.23.2-cp310-cp310-win_amd64.whl.metadata (5.3 kB)
Collecting mpmath<1.4,>=1.1.0 (from sympy==1.13.1->torch@ file:///D:/Dev/Krag-Kings/benchmark/local/triposr-downloads-v1/torch-2.5.1%2Bcu121-cp310-cp310-win_amd64.whl->-r D:\Dev\Krag-Kings\benchmark\local\triposr-reference-v1\requirements-local.in (line 5))
  Downloading mpmath-1.3.0-py3-none-any.whl.metadata (8.6 kB)
Collecting colorama (from tqdm>=4.27->transformers==4.35.0->-r D:\Dev\Krag-Kings\benchmark\local\triposr-reference-v1\requirements-local.in (line 11))
  Downloading colorama-0.4.6-py2.py3-none-any.whl.metadata (17 kB)
Collecting MarkupSafe>=2.0 (from jinja2->torch@ file:///D:/Dev/Krag-Kings/benchmark/local/triposr-downloads-v1/torch-2.5.1%2Bcu121-cp310-cp310-win_amd64.whl->-r D:\Dev\Krag-Kings\benchmark\local\triposr-reference-v1\requirements-local.in (line 5))
  Downloading markupsafe-3.0.4-cp310-cp310-win_amd64.whl.metadata (2.8 kB)
Collecting attrs>=22.2.0 (from jsonschema->rembg==2.0.60->rembg[cpu]==2.0.60->-r D:\Dev\Krag-Kings\benchmark\local\triposr-reference-v1\requirements-local.in (line 13))
  Downloading attrs-26.1.0-py3-none-any.whl.metadata (8.8 kB)
Collecting jsonschema-specifications>=2023.03.6 (from jsonschema->rembg==2.0.60->rembg[cpu]==2.0.60->-r D:\Dev\Krag-Kings\benchmark\local\triposr-reference-v1\requirements-local.in (line 13))
  Downloading jsonschema_specifications-2025.9.1-py3-none-any.whl.metadata (2.9 kB)
Collecting referencing>=0.28.4 (from jsonschema->rembg==2.0.60->rembg[cpu]==2.0.60->-r D:\Dev\Krag-Kings\benchmark\local\triposr-reference-v1\requirements-local.in (line 13))
  Downloading referencing-0.37.0-py3-none-any.whl.metadata (2.8 kB)
Collecting rpds-py>=0.25.0 (from jsonschema->rembg==2.0.60->rembg[cpu]==2.0.60->-r D:\Dev\Krag-Kings\benchmark\local\triposr-reference-v1\requirements-local.in (line 13))
  Downloading rpds_py-0.30.0-cp310-cp310-win_amd64.whl.metadata (4.2 kB)
Collecting coloredlogs (from onnxruntime->rembg[cpu]==2.0.60->-r D:\Dev\Krag-Kings\benchmark\local\triposr-reference-v1\requirements-local.in (line 13))
  Downloading coloredlogs-15.0.1-py2.py3-none-any.whl.metadata (12 kB)
Collecting flatbuffers (from onnxruntime->rembg[cpu]==2.0.60->-r D:\Dev\Krag-Kings\benchmark\local\triposr-reference-v1\requirements-local.in (line 13))
  Downloading flatbuffers-25.12.19-py2.py3-none-any.whl.metadata (1.0 kB)
Collecting protobuf (from onnxruntime->rembg[cpu]==2.0.60->-r D:\Dev\Krag-Kings\benchmark\local\triposr-reference-v1\requirements-local.in (line 13))
  Downloading protobuf-7.36.2-cp310-abi3-win_amd64.whl.metadata (595 bytes)
Collecting humanfriendly>=9.1 (from coloredlogs->onnxruntime->rembg[cpu]==2.0.60->-r D:\Dev\Krag-Kings\benchmark\local\triposr-reference-v1\requirements-local.in (line 13))
  Downloading humanfriendly-10.0-py2.py3-none-any.whl.metadata (9.2 kB)
Collecting pyreadline3 (from humanfriendly>=9.1->coloredlogs->onnxruntime->rembg[cpu]==2.0.60->-r D:\Dev\Krag-Kings\benchmark\local\triposr-reference-v1\requirements-local.in (line 13))
  Downloading pyreadline3-3.5.6-py3-none-any.whl.metadata (4.7 kB)
INFO: pip is looking at multiple versions of opencv-python-headless to determine which version is compatible with other requirements. This could take a while.
Collecting opencv-python-headless (from rembg==2.0.60->rembg[cpu]==2.0.60->-r D:\Dev\Krag-Kings\benchmark\local\triposr-reference-v1\requirements-local.in (line 13))
  Downloading opencv_python_headless-4.14.0.94-cp37-abi3-win_amd64.whl.metadata (20 kB)
  Downloading opencv_python_headless-4.13.0.92-cp37-abi3-win_amd64.whl.metadata (20 kB)
  Downloading opencv_python_headless-4.13.0.90-cp37-abi3-win_amd64.whl.metadata (20 kB)
  Downloading opencv_python_headless-4.12.0.88-cp37-abi3-win_amd64.whl.metadata (20 kB)
  Downloading opencv_python_headless-4.11.0.86-cp37-abi3-win_amd64.whl.metadata (20 kB)
Collecting platformdirs>=2.5.0 (from pooch->rembg==2.0.60->rembg[cpu]==2.0.60->-r D:\Dev\Krag-Kings\benchmark\local\triposr-reference-v1\requirements-local.in (line 13))
  Downloading platformdirs-4.12.3-py3-none-any.whl.metadata (5.5 kB)
Collecting charset_normalizer<4,>=2 (from requests->transformers==4.35.0->-r D:\Dev\Krag-Kings\benchmark\local\triposr-reference-v1\requirements-local.in (line 11))
  Downloading charset_normalizer-3.5.2-cp310-cp310-win_amd64.whl.metadata (47 kB)
Collecting idna<4,>=2.5 (from requests->transformers==4.35.0->-r D:\Dev\Krag-Kings\benchmark\local\triposr-reference-v1\requirements-local.in (line 11))
  Downloading idna-3.20-py3-none-any.whl.metadata (7.2 kB)
Collecting urllib3<3,>=1.26 (from requests->transformers==4.35.0->-r D:\Dev\Krag-Kings\benchmark\local\triposr-reference-v1\requirements-local.in (line 11))
  Downloading urllib3-2.8.0-py3-none-any.whl.metadata (7.4 kB)
Collecting certifi>=2023.5.7 (from requests->transformers==4.35.0->-r D:\Dev\Krag-Kings\benchmark\local\triposr-reference-v1\requirements-local.in (line 11))
  Downloading certifi-2026.7.22-py3-none-any.whl.metadata (2.5 kB)
Collecting numba>=0.60.0 (from pymatting->rembg==2.0.60->rembg[cpu]==2.0.60->-r D:\Dev\Krag-Kings\benchmark\local\triposr-reference-v1\requirements-local.in (line 13))
  Downloading numba-0.68.0-cp310-cp310-win_amd64.whl.metadata (2.9 kB)
Collecting llvmlite<0.51,>=0.50.0dev0 (from numba>=0.60.0->pymatting->rembg==2.0.60->rembg[cpu]==2.0.60->-r D:\Dev\Krag-Kings\benchmark\local\triposr-reference-v1\requirements-local.in (line 13))
  Downloading llvmlite-0.50.0-cp310-cp310-win_amd64.whl.metadata (5.0 kB)
Collecting tifffile>=2022.8.12 (from scikit-image->rembg==2.0.60->rembg[cpu]==2.0.60->-r D:\Dev\Krag-Kings\benchmark\local\triposr-reference-v1\requirements-local.in (line 13))
  Downloading tifffile-2025.5.10-py3-none-any.whl.metadata (31 kB)
Collecting lazy-loader>=0.4 (from scikit-image->rembg==2.0.60->rembg[cpu]==2.0.60->-r D:\Dev\Krag-Kings\benchmark\local\triposr-reference-v1\requirements-local.in (line 13))
  Downloading lazy_loader-0.6-py3-none-any.whl.metadata (6.0 kB)
Would install Jinja2-3.1.6 MarkupSafe-3.0.4 Pillow-10.1.0 PyMatting-1.1.16 PyYAML-6.0.3 antlr4-python3-runtime-4.9.3 attrs-26.1.0 certifi-2026.7.22 charset-normalizer-3.5.2 colorama-0.4.6 coloredlogs-15.0.1 einops-0.7.0 filelock-4.0.12 flatbuffers-25.12.19 fsspec-2026.9.0 glcontext-2.5.0 huggingface-hub-0.17.3 humanfriendly-10.0 idna-3.20 imageio-2.34.0 imageio-ffmpeg-0.6.0 jsonschema-4.26.0 jsonschema-specifications-2025.9.1 lazy-loader-0.6 llvmlite-0.50.0 moderngl-5.10.0 mpmath-1.3.0 networkx-3.4.2 ninja-1.11.1.3 numba-0.68.0 numpy-1.26.4 omegaconf-2.3.0 onnxruntime-1.23.2 opencv-python-headless-4.11.0.86 packaging-24.2 platformdirs-4.12.3 pooch-1.9.0 protobuf-7.36.2 psutil-7.2.2 pyreadline3-3.5.6 referencing-0.37.0 regex-2026.9.29 rembg-2.0.60 requests-2.34.2 rpds-py-0.30.0 safetensors-0.8.0 scikit-image-0.25.2 scipy-1.15.3 setuptools-75.6.0 sympy-1.13.1 tifffile-2025.5.10 tokenizers-0.14.1 torch-2.5.1+cu121 tqdm-4.70.1 transformers-4.35.0 trimesh-4.0.5 typing_extensions-4.16.0 urllib3-2.8.0 wheel-0.45.1 xatlas-0.0.9
