00:03.703  blend            | Read blend: "D:\Dev\Krag-Kings\benchmark\art\nib\identity-study\orbital-native-v1\Nib_Coherent_OrbitalIdentity_v1.blend"
[
  {
    "region": "crown",
    "bone": "Head",
    "guides": 210,
    "minimumNormalDot": 0.9988328516483307,
    "failureCount": 0
  },
  {
    "region": "fringe",
    "bone": "Head",
    "guides": 120,
    "minimumNormalDot": 0.9862995818257332,
    "failureCount": 0
  },
  {
    "region": "temple_L",
    "bone": "Head",
    "guides": 90,
    "minimumNormalDot": 0.9990581786260009,
    "failureCount": 0
  },
  {
    "region": "temple_R",
    "bone": "Head",
    "guides": 90,
    "minimumNormalDot": 0.9983189078047872,
    "failureCount": 0
  },
  {
    "region": "nape",
    "bone": "Head",
    "guides": 120,
    "minimumNormalDot": 0.9988517612218857,
    "failureCount": 0
  },
  {
    "region": "outer_rim_L",
    "bone": "Ear_L",
    "guides": 160,
    "minimumNormalDot": 0.9504939317703247,
    "failureCount": 0
  },
  {
    "region": "inner_wisps_L",
    "bone": "Ear_L",
    "guides": 100,
    "minimumNormalDot": 0.997575618326664,
    "failureCount": 0
  },
  {
    "region": "outer_nap_L",
    "bone": "Ear_L",
    "guides": 1873,
    "minimumNormalDot": 0.108647171407938,
    "failureCount": 31
  },
  {
    "region": "outer_rim_R",
    "bone": "Ear_R",
    "guides": 160,
    "minimumNormalDot": 0.30740915425121784,
    "failureCount": 1
  },
  {
    "region": "inner_wisps_R",
    "bone": "Ear_R",
    "guides": 100,
    "minimumNormalDot": 0.9963567228987813,
    "failureCount": 0
  },
  {
    "region": "outer_nap_R",
    "bone": "Ear_R",
    "guides": 1785,
    "minimumNormalDot": 0.8897102810442448,
    "failureCount": 0
  },
  {
    "region": "chin",
    "bone": "Jaw",
    "guides": 12,
    "minimumNormalDot": 0.9997942326590419,
    "failureCount": 0
  }
]
NIB_ROOT_SUPPORT_AUDIT_COMPLETE
Blender 5.2.0 LTS (hash fbe6228777e7 built 2026-07-14 01:35:40)

Blender quit
