00:05.000  blend            | Read blend: "D:\Dev\Krag-Kings\benchmark\art\nib\restorative-study\socket-wrist-v1\Nib_Coherent_RestorativeSocket_v1.blend"
Info: Baking map saved to internal image, save it externally or pack it
NIB_FIELD_BAKED Nib_v5_FacialSkinAtlas BaseColor 4096
Info: Baking map saved to internal image, save it externally or pack it
NIB_FIELD_BAKED Nib_v5_FacialSkinAtlas Normal 4096
Info: Baking map saved to internal image, save it externally or pack it
NIB_FIELD_BAKED Nib_v5_FacialSkinAtlas Roughness 1024
Info: Baking map saved to internal image, save it externally or pack it
NIB_FIELD_BAKED Nib_v5_FacialSkinAtlas Metallic 128
Info: Baking map saved to internal image, save it externally or pack it
NIB_FIELD_BAKED Nib_v5_HeadFur BaseColor 1024
Info: Baking map saved to internal image, save it externally or pack it
NIB_FIELD_BAKED Nib_v5_HeadFur Normal 512
Info: Baking map saved to internal image, save it externally or pack it
NIB_FIELD_BAKED Nib_v5_HeadFur Roughness 512
Info: Baking map saved to internal image, save it externally or pack it
NIB_FIELD_BAKED Nib_v5_HeadFur Metallic 128
Info: Baking map saved to internal image, save it externally or pack it
NIB_FIELD_BAKED Nib_v5_InnerEarWisps BaseColor 1024
Info: Baking map saved to internal image, save it externally or pack it
NIB_FIELD_BAKED Nib_v5_InnerEarWisps Normal 512
Info: Baking map saved to internal image, save it externally or pack it
NIB_FIELD_BAKED Nib_v5_InnerEarWisps Roughness 512
Info: Baking map saved to internal image, save it externally or pack it
NIB_FIELD_BAKED Nib_v5_InnerEarWisps Metallic 128
Info: Baking map saved to internal image, save it externally or pack it
NIB_FIELD_BAKED Nib_v5_TawnyEarFur BaseColor 1024
Info: Baking map saved to internal image, save it externally or pack it
NIB_FIELD_BAKED Nib_v5_TawnyEarFur Normal 512
Info: Baking map saved to internal image, save it externally or pack it
NIB_FIELD_BAKED Nib_v5_TawnyEarFur Roughness 512
Info: Baking map saved to internal image, save it externally or pack it
NIB_FIELD_BAKED Nib_v5_TawnyEarFur Metallic 128
Info: Baking map saved to internal image, save it externally or pack it
NIB_FIELD_BAKED Nib_v5_DustyPinkEar BaseColor 1024
Info: Baking map saved to internal image, save it externally or pack it
NIB_FIELD_BAKED Nib_v5_DustyPinkEar Normal 512
Info: Baking map saved to internal image, save it externally or pack it
NIB_FIELD_BAKED Nib_v5_DustyPinkEar Roughness 512
Info: Baking map saved to internal image, save it externally or pack it
NIB_FIELD_BAKED Nib_v5_DustyPinkEar Metallic 128
Info: Baking map saved to internal image, save it externally or pack it
NIB_FIELD_BAKED Nib_v5_TawnyEarUndercoat BaseColor 1024
Info: Baking map saved to internal image, save it externally or pack it
NIB_FIELD_BAKED Nib_v5_TawnyEarUndercoat Normal 512
Info: Baking map saved to internal image, save it externally or pack it
NIB_FIELD_BAKED Nib_v5_TawnyEarUndercoat Roughness 512
Info: Baking map saved to internal image, save it externally or pack it
NIB_FIELD_BAKED Nib_v5_TawnyEarUndercoat Metallic 128
Info: Baking map saved to internal image, save it externally or pack it
NIB_FIELD_BAKED Nib_OcularGlobe BaseColor 1024
Info: Baking map saved to internal image, save it externally or pack it
NIB_FIELD_BAKED Nib_OcularGlobe Normal 512
Info: Baking map saved to internal image, save it externally or pack it
NIB_FIELD_BAKED Nib_OcularGlobe Roughness 512
Info: Baking map saved to internal image, save it externally or pack it
NIB_FIELD_BAKED Nib_OcularGlobe Metallic 128
Info: Baking map saved to internal image, save it externally or pack it
NIB_FIELD_BAKED Nib_OcularIris BaseColor 1024
Info: Baking map saved to internal image, save it externally or pack it
NIB_FIELD_BAKED Nib_OcularIris Normal 512
Info: Baking map saved to internal image, save it externally or pack it
NIB_FIELD_BAKED Nib_OcularIris Roughness 512
Info: Baking map saved to internal image, save it externally or pack it
NIB_FIELD_BAKED Nib_OcularIris Metallic 128
Info: Saved as "Nib_Runtime_PBR.blend"
NIB_V5_PBR_BAKE_COMPLETE
NIB_CANDIDATE_STAGE_COMPLETE bake
Blender 5.2.0 LTS (hash fbe6228777e7 built 2026-07-14 01:35:40)

Blender quit
