00:05.422  blend            | Read blend: "D:\Dev\Krag-Kings\benchmark\art\krag\Krag_Oral_v9p_Motion_v4_WIP.blend"
Info: Baking map saved to internal image, save it externally or pack it
NIB_FIELD_BAKED Krag_Armor_SurfaceAtlas BaseColor 1024
Info: Baking map saved to internal image, save it externally or pack it
NIB_FIELD_BAKED Krag_Armor_SurfaceAtlas Normal 1024
Info: Baking map saved to internal image, save it externally or pack it
NIB_FIELD_BAKED Krag_Armor_SurfaceAtlas Roughness 1024
Info: Baking map saved to internal image, save it externally or pack it
NIB_FIELD_BAKED Krag_Armor_SurfaceAtlas Metallic 1024
KRAG_SURFACE_ATLAS_COMPLETE Armor
Info: Baking map saved to internal image, save it externally or pack it
NIB_FIELD_BAKED Krag_Belt_SurfaceAtlas BaseColor 1024
Info: Baking map saved to internal image, save it externally or pack it
NIB_FIELD_BAKED Krag_Belt_SurfaceAtlas Normal 1024
Info: Baking map saved to internal image, save it externally or pack it
NIB_FIELD_BAKED Krag_Belt_SurfaceAtlas Roughness 1024
Info: Baking map saved to internal image, save it externally or pack it
NIB_FIELD_BAKED Krag_Belt_SurfaceAtlas Metallic 1024
KRAG_SURFACE_ATLAS_COMPLETE Belt
Info: Baking map saved to internal image, save it externally or pack it
NIB_FIELD_BAKED Krag_BioArm_L_SurfaceAtlas BaseColor 2048
Info: Baking map saved to internal image, save it externally or pack it
NIB_FIELD_BAKED Krag_BioArm_L_SurfaceAtlas Normal 2048
Info: Baking map saved to internal image, save it externally or pack it
NIB_FIELD_BAKED Krag_BioArm_L_SurfaceAtlas Roughness 1024
Info: Baking map saved to internal image, save it externally or pack it
NIB_FIELD_BAKED Krag_BioArm_L_SurfaceAtlas Metallic 1024
KRAG_SURFACE_ATLAS_COMPLETE BioArm_L
Info: Baking map saved to internal image, save it externally or pack it
NIB_FIELD_BAKED Krag_BioArm_R_SurfaceAtlas BaseColor 2048
Info: Baking map saved to internal image, save it externally or pack it
NIB_FIELD_BAKED Krag_BioArm_R_SurfaceAtlas Normal 2048
Info: Baking map saved to internal image, save it externally or pack it
NIB_FIELD_BAKED Krag_BioArm_R_SurfaceAtlas Roughness 1024
Info: Baking map saved to internal image, save it externally or pack it
NIB_FIELD_BAKED Krag_BioArm_R_SurfaceAtlas Metallic 1024
KRAG_SURFACE_ATLAS_COMPLETE BioArm_R
Info: Baking map saved to internal image, save it externally or pack it
NIB_FIELD_BAKED Krag_BioForearm_L_SurfaceAtlas BaseColor 2048
Info: Baking map saved to internal image, save it externally or pack it
NIB_FIELD_BAKED Krag_BioForearm_L_SurfaceAtlas Normal 2048
Info: Baking map saved to internal image, save it externally or pack it
NIB_FIELD_BAKED Krag_BioForearm_L_SurfaceAtlas Roughness 1024
Info: Baking map saved to internal image, save it externally or pack it
NIB_FIELD_BAKED Krag_BioForearm_L_SurfaceAtlas Metallic 1024
KRAG_SURFACE_ATLAS_COMPLETE BioForearm_L
Info: Baking map saved to internal image, save it externally or pack it
NIB_FIELD_BAKED Krag_BioForearm_R_SurfaceAtlas BaseColor 2048
Info: Baking map saved to internal image, save it externally or pack it
NIB_FIELD_BAKED Krag_BioForearm_R_SurfaceAtlas Normal 2048
Info: Baking map saved to internal image, save it externally or pack it
NIB_FIELD_BAKED Krag_BioForearm_R_SurfaceAtlas Roughness 1024
Info: Baking map saved to internal image, save it externally or pack it
NIB_FIELD_BAKED Krag_BioForearm_R_SurfaceAtlas Metallic 1024
KRAG_SURFACE_ATLAS_COMPLETE BioForearm_R
Info: Baking map saved to internal image, save it externally or pack it
NIB_FIELD_BAKED Krag_BioLowerLeg_L_SurfaceAtlas BaseColor 1024
Info: Baking map saved to internal image, save it externally or pack it
NIB_FIELD_BAKED Krag_BioLowerLeg_L_SurfaceAtlas Normal 1024
Info: Baking map saved to internal image, save it externally or pack it
NIB_FIELD_BAKED Krag_BioLowerLeg_L_SurfaceAtlas Roughness 1024
Info: Baking map saved to internal image, save it externally or pack it
NIB_FIELD_BAKED Krag_BioLowerLeg_L_SurfaceAtlas Metallic 1024
KRAG_SURFACE_ATLAS_COMPLETE BioLowerLeg_L
Info: Baking map saved to internal image, save it externally or pack it
NIB_FIELD_BAKED Krag_BioLowerLeg_R_SurfaceAtlas BaseColor 1024
Info: Baking map saved to internal image, save it externally or pack it
NIB_FIELD_BAKED Krag_BioLowerLeg_R_SurfaceAtlas Normal 1024
Info: Baking map saved to internal image, save it externally or pack it
NIB_FIELD_BAKED Krag_BioLowerLeg_R_SurfaceAtlas Roughness 1024
Info: Baking map saved to internal image, save it externally or pack it
NIB_FIELD_BAKED Krag_BioLowerLeg_R_SurfaceAtlas Metallic 1024
KRAG_SURFACE_ATLAS_COMPLETE BioLowerLeg_R
Info: Baking map saved to internal image, save it externally or pack it
NIB_FIELD_BAKED Krag_BionicArm_L_Crusher_SurfaceAtlas BaseColor 1024
Info: Baking map saved to internal image, save it externally or pack it
NIB_FIELD_BAKED Krag_BionicArm_L_Crusher_SurfaceAtlas Normal 1024
Info: Baking map saved to internal image, save it externally or pack it
NIB_FIELD_BAKED Krag_BionicArm_L_Crusher_SurfaceAtlas Roughness 1024
Info: Baking map saved to internal image, save it externally or pack it
NIB_FIELD_BAKED Krag_BionicArm_L_Crusher_SurfaceAtlas Metallic 1024
KRAG_SURFACE_ATLAS_COMPLETE BionicArm_L_Crusher
Info: Baking map saved to internal image, save it externally or pack it
NIB_FIELD_BAKED Krag_BionicEye_L_SurfaceAtlas BaseColor 1024
Info: Baking map saved to internal image, save it externally or pack it
NIB_FIELD_BAKED Krag_BionicEye_L_SurfaceAtlas Normal 1024
Info: Baking map saved to internal image, save it externally or pack it
NIB_FIELD_BAKED Krag_BionicEye_L_SurfaceAtlas Roughness 1024
Info: Baking map saved to internal image, save it externally or pack it
NIB_FIELD_BAKED Krag_BionicEye_L_SurfaceAtlas Metallic 1024
KRAG_SURFACE_ATLAS_COMPLETE BionicEye_L
Info: Baking map saved to internal image, save it externally or pack it
NIB_FIELD_BAKED Krag_BionicJaw_Iron_SurfaceAtlas BaseColor 1024
Info: Baking map saved to internal image, save it externally or pack it
NIB_FIELD_BAKED Krag_BionicJaw_Iron_SurfaceAtlas Normal 1024
Info: Baking map saved to internal image, save it externally or pack it
NIB_FIELD_BAKED Krag_BionicJaw_Iron_SurfaceAtlas Roughness 1024
Info: Baking map saved to internal image, save it externally or pack it
NIB_FIELD_BAKED Krag_BionicJaw_Iron_SurfaceAtlas Metallic 1024
KRAG_SURFACE_ATLAS_COMPLETE BionicJaw_Iron
Info: Baking map saved to internal image, save it externally or pack it
NIB_FIELD_BAKED Krag_BionicLeg_R_Piston_SurfaceAtlas BaseColor 1024
Info: Baking map saved to internal image, save it externally or pack it
NIB_FIELD_BAKED Krag_BionicLeg_R_Piston_SurfaceAtlas Normal 1024
Info: Baking map saved to internal image, save it externally or pack it
NIB_FIELD_BAKED Krag_BionicLeg_R_Piston_SurfaceAtlas Roughness 1024
Info: Baking map saved to internal image, save it externally or pack it
NIB_FIELD_BAKED Krag_BionicLeg_R_Piston_SurfaceAtlas Metallic 1024
KRAG_SURFACE_ATLAS_COMPLETE BionicLeg_R_Piston
Info: Baking map saved to internal image, save it externally or pack it
NIB_FIELD_BAKED Krag_BionicThigh_R_Full_SurfaceAtlas BaseColor 1024
Info: Baking map saved to internal image, save it externally or pack it
NIB_FIELD_BAKED Krag_BionicThigh_R_Full_SurfaceAtlas Normal 1024
Info: Baking map saved to internal image, save it externally or pack it
NIB_FIELD_BAKED Krag_BionicThigh_R_Full_SurfaceAtlas Roughness 1024
Info: Baking map saved to internal image, save it externally or pack it
NIB_FIELD_BAKED Krag_BionicThigh_R_Full_SurfaceAtlas Metallic 1024
KRAG_SURFACE_ATLAS_COMPLETE BionicThigh_R_Full
Info: Baking map saved to internal image, save it externally or pack it
NIB_FIELD_BAKED Krag_Body_SurfaceAtlas BaseColor 2048
Info: Baking map saved to internal image, save it externally or pack it
NIB_FIELD_BAKED Krag_Body_SurfaceAtlas Normal 2048
Info: Baking map saved to internal image, save it externally or pack it
NIB_FIELD_BAKED Krag_Body_SurfaceAtlas Roughness 1024
Info: Baking map saved to internal image, save it externally or pack it
NIB_FIELD_BAKED Krag_Body_SurfaceAtlas Metallic 1024
KRAG_SURFACE_ATLAS_COMPLETE Body
Info: Baking map saved to internal image, save it externally or pack it
NIB_FIELD_BAKED Krag_Boot_L_SurfaceAtlas BaseColor 1024
Info: Baking map saved to internal image, save it externally or pack it
NIB_FIELD_BAKED Krag_Boot_L_SurfaceAtlas Normal 1024
Info: Baking map saved to internal image, save it externally or pack it
NIB_FIELD_BAKED Krag_Boot_L_SurfaceAtlas Roughness 1024
Info: Baking map saved to internal image, save it externally or pack it
NIB_FIELD_BAKED Krag_Boot_L_SurfaceAtlas Metallic 1024
KRAG_SURFACE_ATLAS_COMPLETE Boot_L
Info: Baking map saved to internal image, save it externally or pack it
NIB_FIELD_BAKED Krag_Boot_R_SurfaceAtlas BaseColor 1024
Info: Baking map saved to internal image, save it externally or pack it
NIB_FIELD_BAKED Krag_Boot_R_SurfaceAtlas Normal 1024
Info: Baking map saved to internal image, save it externally or pack it
NIB_FIELD_BAKED Krag_Boot_R_SurfaceAtlas Roughness 1024
Info: Baking map saved to internal image, save it externally or pack it
NIB_FIELD_BAKED Krag_Boot_R_SurfaceAtlas Metallic 1024
KRAG_SURFACE_ATLAS_COMPLETE Boot_R
Info: Baking map saved to internal image, save it externally or pack it
NIB_FIELD_BAKED Krag_Face_SurfaceAtlas BaseColor 2048
Info: Baking map saved to internal image, save it externally or pack it
NIB_FIELD_BAKED Krag_Face_SurfaceAtlas Normal 2048
Info: Baking map saved to internal image, save it externally or pack it
NIB_FIELD_BAKED Krag_Face_SurfaceAtlas Roughness 1024
Info: Baking map saved to internal image, save it externally or pack it
NIB_FIELD_BAKED Krag_Face_SurfaceAtlas Metallic 1024
KRAG_SURFACE_ATLAS_COMPLETE Face
Info: Baking map saved to internal image, save it externally or pack it
NIB_FIELD_BAKED Krag_Garments_SurfaceAtlas BaseColor 1024
Info: Baking map saved to internal image, save it externally or pack it
NIB_FIELD_BAKED Krag_Garments_SurfaceAtlas Normal 1024
Info: Baking map saved to internal image, save it externally or pack it
NIB_FIELD_BAKED Krag_Garments_SurfaceAtlas Roughness 1024
Info: Baking map saved to internal image, save it externally or pack it
NIB_FIELD_BAKED Krag_Garments_SurfaceAtlas Metallic 1024
KRAG_SURFACE_ATLAS_COMPLETE Garments
Info: Baking map saved to internal image, save it externally or pack it
NIB_FIELD_BAKED Krag_Harness_SurfaceAtlas BaseColor 1024
Info: Baking map saved to internal image, save it externally or pack it
NIB_FIELD_BAKED Krag_Harness_SurfaceAtlas Normal 1024
Info: Baking map saved to internal image, save it externally or pack it
NIB_FIELD_BAKED Krag_Harness_SurfaceAtlas Roughness 1024
Info: Baking map saved to internal image, save it externally or pack it
NIB_FIELD_BAKED Krag_Harness_SurfaceAtlas Metallic 1024
KRAG_SURFACE_ATLAS_COMPLETE Harness
Info: Baking map saved to internal image, save it externally or pack it
NIB_FIELD_BAKED Krag_Head_SurfaceAtlas BaseColor 4096
Info: Baking map saved to internal image, save it externally or pack it
NIB_FIELD_BAKED Krag_Head_SurfaceAtlas Normal 4096
Info: Baking map saved to internal image, save it externally or pack it
NIB_FIELD_BAKED Krag_Head_SurfaceAtlas Roughness 1024
Info: Baking map saved to internal image, save it externally or pack it
NIB_FIELD_BAKED Krag_Head_SurfaceAtlas Metallic 1024
KRAG_SURFACE_ATLAS_COMPLETE Head
Info: Baking map saved to internal image, save it externally or pack it
NIB_FIELD_BAKED Krag_MouthInterior_SurfaceAtlas BaseColor 1024
Info: Baking map saved to internal image, save it externally or pack it
NIB_FIELD_BAKED Krag_MouthInterior_SurfaceAtlas Normal 1024
Info: Baking map saved to internal image, save it externally or pack it
NIB_FIELD_BAKED Krag_MouthInterior_SurfaceAtlas Roughness 1024
Info: Baking map saved to internal image, save it externally or pack it
NIB_FIELD_BAKED Krag_MouthInterior_SurfaceAtlas Metallic 1024
KRAG_SURFACE_ATLAS_COMPLETE MouthInterior
Info: Baking map saved to internal image, save it externally or pack it
NIB_FIELD_BAKED Krag_NaturalThigh_R_SurfaceAtlas BaseColor 1024
Info: Baking map saved to internal image, save it externally or pack it
NIB_FIELD_BAKED Krag_NaturalThigh_R_SurfaceAtlas Normal 1024
Info: Baking map saved to internal image, save it externally or pack it
NIB_FIELD_BAKED Krag_NaturalThigh_R_SurfaceAtlas Roughness 1024
Info: Baking map saved to internal image, save it externally or pack it
NIB_FIELD_BAKED Krag_NaturalThigh_R_SurfaceAtlas Metallic 1024
KRAG_SURFACE_ATLAS_COMPLETE NaturalThigh_R
Info: Baking map saved to internal image, save it externally or pack it
NIB_FIELD_BAKED Krag_Scarf_SurfaceAtlas BaseColor 1024
Info: Baking map saved to internal image, save it externally or pack it
NIB_FIELD_BAKED Krag_Scarf_SurfaceAtlas Normal 1024
Info: Baking map saved to internal image, save it externally or pack it
NIB_FIELD_BAKED Krag_Scarf_SurfaceAtlas Roughness 1024
Info: Baking map saved to internal image, save it externally or pack it
NIB_FIELD_BAKED Krag_Scarf_SurfaceAtlas Metallic 1024
KRAG_SURFACE_ATLAS_COMPLETE Scarf
Info: Baking map saved to internal image, save it externally or pack it
NIB_FIELD_BAKED Krag_TrouserLeg_L_SurfaceAtlas BaseColor 1024
Info: Baking map saved to internal image, save it externally or pack it
NIB_FIELD_BAKED Krag_TrouserLeg_L_SurfaceAtlas Normal 1024
Info: Baking map saved to internal image, save it externally or pack it
NIB_FIELD_BAKED Krag_TrouserLeg_L_SurfaceAtlas Roughness 1024
Info: Baking map saved to internal image, save it externally or pack it
NIB_FIELD_BAKED Krag_TrouserLeg_L_SurfaceAtlas Metallic 1024
KRAG_SURFACE_ATLAS_COMPLETE TrouserLeg_L
Info: Baking map saved to internal image, save it externally or pack it
NIB_FIELD_BAKED Krag_TrouserLeg_R_SurfaceAtlas BaseColor 1024
Info: Baking map saved to internal image, save it externally or pack it
NIB_FIELD_BAKED Krag_TrouserLeg_R_SurfaceAtlas Normal 1024
Info: Baking map saved to internal image, save it externally or pack it
NIB_FIELD_BAKED Krag_TrouserLeg_R_SurfaceAtlas Roughness 1024
Info: Baking map saved to internal image, save it externally or pack it
NIB_FIELD_BAKED Krag_TrouserLeg_R_SurfaceAtlas Metallic 1024
KRAG_SURFACE_ATLAS_COMPLETE TrouserLeg_R
Info: Baking map saved to internal image, save it externally or pack it
NIB_FIELD_BAKED Krag_Weapon_R_SurfaceAtlas BaseColor 1024
Info: Baking map saved to internal image, save it externally or pack it
NIB_FIELD_BAKED Krag_Weapon_R_SurfaceAtlas Normal 1024
Info: Baking map saved to internal image, save it externally or pack it
NIB_FIELD_BAKED Krag_Weapon_R_SurfaceAtlas Roughness 1024
Info: Baking map saved to internal image, save it externally or pack it
NIB_FIELD_BAKED Krag_Weapon_R_SurfaceAtlas Metallic 1024
KRAG_SURFACE_ATLAS_COMPLETE Weapon_R
05:06.532  blend            | Read blend: "D:\Dev\Krag-Kings\benchmark\local\candidates\krag-coherent68-motion-fe152-v1\pbr\Krag_Runtime_PBR.blend"
Info: Saved as "Krag_Runtime_PBR.blend"
KRAG_COHERENT_PBR_BAKE_COMPLETE
KRAG_CANDIDATE_STAGE_COMPLETE bake
Blender 5.2.0 LTS (hash fbe6228777e7 built 2026-07-14 01:35:40)

Blender quit
