Using bundled DotNet SDK version: 10.0 win-x64
Running UnrealBuildTool: dotnet "..\..\Engine\Binaries\DotNET\UnrealBuildTool\UnrealBuildTool.dll" GroomProbeEditor Win64 Development -Project=D:\Dev\Krag-Kings\benchmark\local\groom-probe\nib-native-fixture-v1\GroomProbe\GroomProbe.uproject -WaitMutex -NoHotReloadFromIDE
Log file: C:\Users\Matthew\AppData\Local\UnrealBuildTool\Log.txt
Executing up to 2 actions based on MaxProcessorCount override
Creating makefile for GroomProbeEditor (no existing makefile)
UbaSessionServer - Disable remote execution (remote sessions will finish current processes)
UHT compiled-in object format Default
Building GroomProbeEditor...
===== Toolchain Information =====
Using ISPC compiler (D:\Games\UE_5.8\Engine\Source\ThirdParty\Intel\ISPC\bin\Windows\ispc.exe)
  Intel(r) Implicit SPMD Program Compiler (Intel(r) ISPC), 1.24.0 (build commit  @ 20250404, LLVM 18.1.2) 
Using Visual Studio 14.44.35229 toolchain (D:\DevTools\VS2022BuildTools\VC\Tools\MSVC\14.44.35207) and Windows 10.0.26100.0 SDK (C:\Program Files (x86)\Windows Kits\10).
=================================
Using Unreal Build Accelerator local executor to run 8 action(s)
  CPU 6 physical cores, 12 logical cores
  Memory 31.79 GB physical, 23.8 GB/39.04 GB committed
  UBA Storage capacity 40 GB
[1/8] Compile Resource [x64] Default.rc2 [NoUba]
[2/8] Compile [x64] SharedPCH.UnrealEd.Project.ValApi.ValExpApi.Cpp20.cpp [NoUba]
[3/8] Compile [x64] Module.GroomProbe.gen.cpp [NoUba]
[4/8] Compile [x64] GroomProbeLibrary.cpp [NoUba]
[5/8] Compile [x64] PerModuleInline.gen.cpp [NoUba]
[6/8] Link [x64] UnrealEditor-GroomProbe.lib [NoUba]
[7/8] Link [x64] UnrealEditor-GroomProbe.dll [NoUba]
[8/8] WriteMetadata GroomProbeEditor.target [NoUba]

Total time in Unreal Build Accelerator local executor: 73.60 seconds
Output binary: D:\Games\UE_5.8\Engine\Binaries\Win64\UnrealEditor.exe

Result: Succeeded
Total execution time: 117.95 seconds
Trace written to file C:\Users\Matthew\AppData\Local\UnrealBuildTool\Trace.uba with size 14.3kb
KK_GROOM_PROBE_BUILD_COMPLETE
